################################################################################
#                                                                              #
#      IAR Universal Linker V4.60D/386                                         #
#                                                                              #
#           Link time     =  29/Jun/2018  19:55:15                             #
#           Target CPU    =  x51                                               #
#           List file     =  I:\a_wangqun\”ÓÃ©_ÀØ√ﬂ“«_KNP08\18BC073A_”ÓÃ©_AX10 #
#                            71_xxxxxxxx_20180629_Merlin_1\app\Debug\List\app. #
#                            map                                               #
#           Output file 1 =  I:\a_wangqun\”ÓÃ©_ÀØ√ﬂ“«_KNP08\18BC073A_”ÓÃ©_AX10 #
#                            71_xxxxxxxx_20180629_Merlin_1\app\Debug\Exe\app.d #
#                            bg                                                #
#                            Format: debug                                     #
#                            UBROF version 10.0.2                              #
#           Output file 2 =  I:\a_wangqun\”ÓÃ©_ÀØ√ﬂ“«_KNP08\18BC073A_”ÓÃ©_AX10 #
#                            71_xxxxxxxx_20180629_Merlin_1\app\Debug\Exe\app.a #
#                            51                                                #
#                            Format: intel-standard                            #
#           Command line  =  lib_ax107x.r51 -IE:\software\8051\CONFIG\         #
#                            I:\a_wangqun\”ÓÃ©_ÀØ√ﬂ“«_KNP08\18BC073A_”ÓÃ©_AX10 #
#                            71_xxxxxxxx_20180629_Merlin_1\app\Debug\Obj\adcke #
#                            y.r51                                             #
#                            I:\a_wangqun\”ÓÃ©_ÀØ√ﬂ“«_KNP08\18BC073A_”ÓÃ©_AX10 #
#                            71_xxxxxxxx_20180629_Merlin_1\app\Debug\Obj\api_r #
#                            tc.r51                                            #
#                            I:\a_wangqun\”ÓÃ©_ÀØ√ﬂ“«_KNP08\18BC073A_”ÓÃ©_AX10 #
#                            71_xxxxxxxx_20180629_Merlin_1\app\Debug\Obj\clock #
#                            .r51                                              #
#                            I:\a_wangqun\”ÓÃ©_ÀØ√ﬂ“«_KNP08\18BC073A_”ÓÃ©_AX10 #
#                            71_xxxxxxxx_20180629_Merlin_1\app\Debug\Obj\confi #
#                            g.r51                                             #
#                            I:\a_wangqun\”ÓÃ©_ÀØ√ﬂ“«_KNP08\18BC073A_”ÓÃ©_AX10 #
#                            71_xxxxxxxx_20180629_Merlin_1\app\Debug\Obj\dac.r #
#                            51                                                #
#                            I:\a_wangqun\”ÓÃ©_ÀØ√ﬂ“«_KNP08\18BC073A_”ÓÃ©_AX10 #
#                            71_xxxxxxxx_20180629_Merlin_1\app\Debug\Obj\devic #
#                            e.r51                                             #
#                            I:\a_wangqun\”ÓÃ©_ÀØ√ﬂ“«_KNP08\18BC073A_”ÓÃ©_AX10 #
#                            71_xxxxxxxx_20180629_Merlin_1\app\Debug\Obj\displ #
#                            ay.r51                                            #
#                            I:\a_wangqun\”ÓÃ©_ÀØ√ﬂ“«_KNP08\18BC073A_”ÓÃ©_AX10 #
#                            71_xxxxxxxx_20180629_Merlin_1\app\Debug\Obj\file_ #
#                            filter.r51                                        #
#                            I:\a_wangqun\”ÓÃ©_ÀØ√ﬂ“«_KNP08\18BC073A_”ÓÃ©_AX10 #
#                            71_xxxxxxxx_20180629_Merlin_1\app\Debug\Obj\led.r #
#                            51                                                #
#                            I:\a_wangqun\”ÓÃ©_ÀØ√ﬂ“«_KNP08\18BC073A_”ÓÃ©_AX10 #
#                            71_xxxxxxxx_20180629_Merlin_1\app\Debug\Obj\led_5 #
#                            c7s.r51                                           #
#                            I:\a_wangqun\”ÓÃ©_ÀØ√ﬂ“«_KNP08\18BC073A_”ÓÃ©_AX10 #
#                            71_xxxxxxxx_20180629_Merlin_1\app\Debug\Obj\led_7 #
#                            p7s.r51                                           #
#                            I:\a_wangqun\”ÓÃ©_ÀØ√ﬂ“«_KNP08\18BC073A_”ÓÃ©_AX10 #
#                            71_xxxxxxxx_20180629_Merlin_1\app\Debug\Obj\main. #
#                            r51                                               #
#                            I:\a_wangqun\”ÓÃ©_ÀØ√ﬂ“«_KNP08\18BC073A_”ÓÃ©_AX10 #
#                            71_xxxxxxxx_20180629_Merlin_1\app\Debug\Obj\mem.r #
#                            51                                                #
#                            I:\a_wangqun\”ÓÃ©_ÀØ√ﬂ“«_KNP08\18BC073A_”ÓÃ©_AX10 #
#                            71_xxxxxxxx_20180629_Merlin_1\app\Debug\Obj\mem_r #
#                            tcram.r51                                         #
#                            I:\a_wangqun\”ÓÃ©_ÀØ√ﬂ“«_KNP08\18BC073A_”ÓÃ©_AX10 #
#                            71_xxxxxxxx_20180629_Merlin_1\app\Debug\Obj\spi.r #
#                            51                                                #
#                            I:\a_wangqun\”ÓÃ©_ÀØ√ﬂ“«_KNP08\18BC073A_”ÓÃ©_AX10 #
#                            71_xxxxxxxx_20180629_Merlin_1\app\Debug\Obj\start #
#                            music.r51                                         #
#                            I:\a_wangqun\”ÓÃ©_ÀØ√ﬂ“«_KNP08\18BC073A_”ÓÃ©_AX10 #
#                            71_xxxxxxxx_20180629_Merlin_1\app\Debug\Obj\task. #
#                            r51                                               #
#                            I:\a_wangqun\”ÓÃ©_ÀØ√ﬂ“«_KNP08\18BC073A_”ÓÃ©_AX10 #
#                            71_xxxxxxxx_20180629_Merlin_1\app\Debug\Obj\task_ #
#                            flash.r51                                         #
#                            I:\a_wangqun\”ÓÃ©_ÀØ√ﬂ“«_KNP08\18BC073A_”ÓÃ©_AX10 #
#                            71_xxxxxxxx_20180629_Merlin_1\app\Debug\Obj\task_ #
#                            idle.r51                                          #
#                            I:\a_wangqun\”ÓÃ©_ÀØ√ﬂ“«_KNP08\18BC073A_”ÓÃ©_AX10 #
#                            71_xxxxxxxx_20180629_Merlin_1\app\Debug\Obj\task_ #
#                            lowpower.r51                                      #
#                            I:\a_wangqun\”ÓÃ©_ÀØ√ﬂ“«_KNP08\18BC073A_”ÓÃ©_AX10 #
#                            71_xxxxxxxx_20180629_Merlin_1\app\Debug\Obj\task_ #
#                            music.r51                                         #
#                            I:\a_wangqun\”ÓÃ©_ÀØ√ﬂ“«_KNP08\18BC073A_”ÓÃ©_AX10 #
#                            71_xxxxxxxx_20180629_Merlin_1\app\Debug\Obj\task_ #
#                            poweroff.r51                                      #
#                            I:\a_wangqun\”ÓÃ©_ÀØ√ﬂ“«_KNP08\18BC073A_”ÓÃ©_AX10 #
#                            71_xxxxxxxx_20180629_Merlin_1\app\Debug\Obj\task_ #
#                            rtc.r51                                           #
#                            I:\a_wangqun\”ÓÃ©_ÀØ√ﬂ“«_KNP08\18BC073A_”ÓÃ©_AX10 #
#                            71_xxxxxxxx_20180629_Merlin_1\app\Debug\Obj\task_ #
#                            usbdev.r51                                        #
#                            I:\a_wangqun\”ÓÃ©_ÀØ√ﬂ“«_KNP08\18BC073A_”ÓÃ©_AX10 #
#                            71_xxxxxxxx_20180629_Merlin_1\app\Debug\Obj\theme #
#                            _aux.r51                                          #
#                            I:\a_wangqun\”ÓÃ©_ÀØ√ﬂ“«_KNP08\18BC073A_”ÓÃ©_AX10 #
#                            71_xxxxxxxx_20180629_Merlin_1\app\Debug\Obj\theme #
#                            _idle.r51                                         #
#                            I:\a_wangqun\”ÓÃ©_ÀØ√ﬂ“«_KNP08\18BC073A_”ÓÃ©_AX10 #
#                            71_xxxxxxxx_20180629_Merlin_1\app\Debug\Obj\theme #
#                            _music.r51                                        #
#                            I:\a_wangqun\”ÓÃ©_ÀØ√ﬂ“«_KNP08\18BC073A_”ÓÃ©_AX10 #
#                            71_xxxxxxxx_20180629_Merlin_1\app\Debug\Obj\theme #
#                            _poweroff.r51                                     #
#                            I:\a_wangqun\”ÓÃ©_ÀØ√ﬂ“«_KNP08\18BC073A_”ÓÃ©_AX10 #
#                            71_xxxxxxxx_20180629_Merlin_1\app\Debug\Obj\theme #
#                            _rtc.r51                                          #
#                            I:\a_wangqun\”ÓÃ©_ÀØ√ﬂ“«_KNP08\18BC073A_”ÓÃ©_AX10 #
#                            71_xxxxxxxx_20180629_Merlin_1\app\Debug\Obj\theme #
#                            _speaker.r51                                      #
#                            I:\a_wangqun\”ÓÃ©_ÀØ√ﬂ“«_KNP08\18BC073A_”ÓÃ©_AX10 #
#                            71_xxxxxxxx_20180629_Merlin_1\app\Debug\Obj\theme #
#                            _usbdev.r51                                       #
#                            I:\a_wangqun\”ÓÃ©_ÀØ√ﬂ“«_KNP08\18BC073A_”ÓÃ©_AX10 #
#                            71_xxxxxxxx_20180629_Merlin_1\app\Debug\Obj\usb_t #
#                            une.r51                                           #
#                            I:\a_wangqun\”ÓÃ©_ÀØ√ﬂ“«_KNP08\18BC073A_”ÓÃ©_AX10 #
#                            71_xxxxxxxx_20180629_Merlin_1\app\Debug\Obj\user_ #
#                            amux.r51                                          #
#                            I:\a_wangqun\”ÓÃ©_ÀØ√ﬂ“«_KNP08\18BC073A_”ÓÃ©_AX10 #
#                            71_xxxxxxxx_20180629_Merlin_1\app\Debug\Obj\user_ #
#                            fat.r51                                           #
#                            I:\a_wangqun\”ÓÃ©_ÀØ√ﬂ“«_KNP08\18BC073A_”ÓÃ©_AX10 #
#                            71_xxxxxxxx_20180629_Merlin_1\app\Debug\Obj\user_ #
#                            i2c.r51                                           #
#                            I:\a_wangqun\”ÓÃ©_ÀØ√ﬂ“«_KNP08\18BC073A_”ÓÃ©_AX10 #
#                            71_xxxxxxxx_20180629_Merlin_1\app\Debug\Obj\user_ #
#                            init.r51                                          #
#                            I:\a_wangqun\”ÓÃ©_ÀØ√ﬂ“«_KNP08\18BC073A_”ÓÃ©_AX10 #
#                            71_xxxxxxxx_20180629_Merlin_1\app\Debug\Obj\user_ #
#                            io.r51                                            #
#                            I:\a_wangqun\”ÓÃ©_ÀØ√ﬂ“«_KNP08\18BC073A_”ÓÃ©_AX10 #
#                            71_xxxxxxxx_20180629_Merlin_1\app\Debug\Obj\user_ #
#                            key.r51                                           #
#                            I:\a_wangqun\”ÓÃ©_ÀØ√ﬂ“«_KNP08\18BC073A_”ÓÃ©_AX10 #
#                            71_xxxxxxxx_20180629_Merlin_1\app\Debug\Obj\user_ #
#                            music.r51                                         #
#                            I:\a_wangqun\”ÓÃ©_ÀØ√ﬂ“«_KNP08\18BC073A_”ÓÃ©_AX10 #
#                            71_xxxxxxxx_20180629_Merlin_1\app\Debug\Obj\user_ #
#                            setting.r51                                       #
#                            I:\a_wangqun\”ÓÃ©_ÀØ√ﬂ“«_KNP08\18BC073A_”ÓÃ©_AX10 #
#                            71_xxxxxxxx_20180629_Merlin_1\app\Debug\Obj\user_ #
#                            spi.r51                                           #
#                            I:\a_wangqun\”ÓÃ©_ÀØ√ﬂ“«_KNP08\18BC073A_”ÓÃ©_AX10 #
#                            71_xxxxxxxx_20180629_Merlin_1\app\Debug\Obj\user_ #
#                            usb.r51                                           #
#                            I:\a_wangqun\”ÓÃ©_ÀØ√ﬂ“«_KNP08\18BC073A_”ÓÃ©_AX10 #
#                            71_xxxxxxxx_20180629_Merlin_1\app\Debug\Obj\user_ #
#                            usbdev.r51                                        #
#                            -o                                                #
#                            I:\a_wangqun\”ÓÃ©_ÀØ√ﬂ“«_KNP08\18BC073A_”ÓÃ©_AX10 #
#                            71_xxxxxxxx_20180629_Merlin_1\app\Debug\Exe\app.d #
#                            bg                                                #
#                            -Fdebug-intel-std -l                              #
#                            I:\a_wangqun\”ÓÃ©_ÀØ√ﬂ“«_KNP08\18BC073A_”ÓÃ©_AX10 #
#                            71_xxxxxxxx_20180629_Merlin_1\app\Debug\List\app. #
#                            map                                               #
#                            -xms -IE:\software\8051\LIB\                      #
#                            -II:\a_wangqun\”ÓÃ©_ÀØ√ﬂ“«_KNP08\18BC073A_”ÓÃ©_AX #
#                            1071_xxxxxxxx_20180629_Merlin_1\app\              #
#                            -f                                                #
#                            I:\a_wangqun\”ÓÃ©_ÀØ√ﬂ“«_KNP08\18BC073A_”ÓÃ©_AX10 #
#                            71_xxxxxxxx_20180629_Merlin_1\app\lnk_base.xcl    #
#                            (-D_IDATA_START=0x6D -D_IDATA_END=0x94            #
#                            -D_PDATA_START=0xB2 -D_PDATA_END=0xFF             #
#                            -D_IXDATA_START=0x0500 -D_IXDATA_END=0x7FF        #
#                            -D_XDATA_START=_IXDATA_START                      #
#                            -D_XDATA_END=_IXDATA_END                          #
#                            -D_OTP_CODE_START=0x4000 -D_OTP_CODE_END=0x7FEF   #
#                            -D_NEAR_CODE_END=0x7FFF -D?REGISTER_BANK=0        #
#                            -D_REGISTER_BANK_START=0 -D_BREG_START=0x00       #
#                            -D_BREG_END=0x07 -D?VB=0x20 -D?PBANK_NUMBER=0     #
#                            -D?PBANK=0xBF -D?ESP=9B                           #
#                            -Z(BIT)BREG=_BREG_START-_BREG_END                 #
#                            -Z(BIT)BIT_N=30-FF -Z(DATA)BDATA_N=0x26-0x2F      #
#                            -Z(DATA)SYS_BDATA=0x26-0x2F                       #
#                            -Z(DATA)REGISTERS+8=_REGISTER_BANK_START          #
#                            -Z(DATA)VREG+_NR_OF_VIRTUAL_REGISTERS=30-7F       #
#                            -Z(DATA)PSP,XSP=40-7F -Z(DATA)DOVERLAY=40-7F      #
#                            -Z(DATA)DATA_I,DATA_Z,DATA_N=47-4F,6D-7F          #
#                            -Z(DATA)SYS_DATA=44-46                            #
#                            -Z(DATA)DECODER_DATA=50-5B                        #
#                            -Z(DATA)MP3_DATA=5C-6C -Z(DATA)WAV_DATA=15E-160   #
#                            -Z(DATA)USBDEV_DATA=25C-26C                       #
#                            -Z(DATA)BT_DATA=35C-36C                           #
#                            -U(IDATA)20-7F=(DATA)20-7F                        #
#                            -Z(IDATA)IDATA_I,IDATA_Z,IDATA_N=_IDATA_START-_ID #
#                            ATA_END                                           #
#                            -Z(IDATA)ISTACK+_IDATA_STACK_SIZE#20-_IDATA_END   #
#                            -Z(IDATA)IOVERLAY=20-FF -Z(CODE)INTVEC=4000       #
#                            -Z(CODE)OTP_RESET,OTP_VECTOR=0x4080               #
#                            -Z(CODE)DAC_ASM=_OTP_CODE_START-_OTP_CODE_END     #
#                            -Z(CODE)KEY_VOICE_TBL=_OTP_CODE_START-_OTP_CODE_E #
#                            ND                                                #
#                            -Z(CODE)CSTART,CLK_SEG,I2C_CB_SEG,AMUX_SEG,AUADC_ #
#                            SEG,NEAR_CODE,CODE_C,CODE_N=_OTP_CODE_START-_OTP_ #
#                            CODE_END                                          #
#                            -Z(CODE)BIT_ID,BDATA_ID,DATA_ID,IDATA_ID,IXDATA_I #
#                            D,PDATA_ID,XDATA_ID=_OTP_CODE_START-_OTP_CODE_END #
#                            -Z(CODE)RCODE,USB_FIX,USB_FIX_ASM=_OTP_CODE_START #
#                            -_OTP_CODE_END                                    #
#                            -Z(CODE)SYS_DELAY,SYS_INIT,INTERRUPT,SET_SYS_CLK_ #
#                            SEG=_OTP_CODE_START-_OTP_CODE_END                 #
#                            -Z(CODE)DAC_INIT,DAC_INIT_CONST,DAC_SEG=_OTP_CODE #
#                            _START-_OTP_CODE_END                              #
#                            -Z(CODE)MUSIC_SEG=_OTP_CODE_START-_OTP_CODE_END   #
#                            -Z(CODE)USER_MUSIC_SEG=_OTP_CODE_START-_OTP_CODE_ #
#                            END                                               #
#                            -Z(CODE)USER_AMUX_CONST,USER_AMUX_SEG=_OTP_CODE_S #
#                            TART-_OTP_CODE_END                                #
#                            -Z(CODE)API_FM,FM_FADE=_OTP_CODE_START-_OTP_CODE_ #
#                            END                                               #
#                            -Z(CODE)RDA5807_RX,RDA5807_RX_TABLE,QN8035_RX_EXT #
#                            ,QN8035_RX,QN8065_RX,QN8065_RX_TABLE,BK1080,BK108 #
#                            0_RX_TABLE=_OTP_CODE_START-_OTP_CODE_END          #
#                            -Z(CODE)AR1010_RX,AR1010_RX_TABLE,AR1019_RX,SP377 #
#                            7_RX,SP3777_RX_TABLE,KT0830EG=_OTP_CODE_START-_OT #
#                            P_CODE_END                                        #
#                            -Z(CODE)CL6017S_RX,CL6017S_RX_TABLE,CL6017G_RX,CL #
#                            6017G_RX_TABLE,RTC6218_RX,RTC6218_RX_TABLE=_OTP_C #
#                            ODE_START-_OTP_CODE_END                           #
#                            -Z(CODE)RTC_TBL,RTC_INIT,RTC_SEG_API=_OTP_CODE_ST #
#                            ART-_OTP_CODE_END                                 #
#                            -Z(CODE)KEY_INIT,SCAN_COM,KEY_CONST_TABLE=_OTP_CO #
#                            DE_START-_OTP_CODE_END                            #
#                            -Z(CODE)IR_INIT,IR_SCAN,IR_CONST_TABLE=_OTP_CODE_ #
#                            START-_OTP_CODE_END                               #
#                            -Z(CODE)KEDIR_CODE,KEDIR_CONST_TABLE=_OTP_CODE_ST #
#                            ART-_OTP_CODE_END                                 #
#                            -Z(CODE)TOUCH_KEY_SEG,TOUCH_KEY_TABLE=_OTP_CODE_S #
#                            TART-_OTP_CODE_END                                #
#                            -Z(CODE)LCD_SEG_TBL,LCD_INIT,LCD_SEG_API=_OTP_COD #
#                            E_START-_OTP_CODE_END                             #
#                            -Z(CODE)LED_5C7S_INIT,LED_5C7S_SEG=_OTP_CODE_STAR #
#                            T-_OTP_CODE_END                                   #
#                            -Z(CODE)LED_SEG=_OTP_CODE_START-_OTP_CODE_END     #
#                            -Z(CODE)LED_7P7S_INIT,LED_7P7S_SEG=_OTP_CODE_STAR #
#                            T-_OTP_CODE_END                                   #
#                            -Z(CODE)LED_DISP_TBL,LED_DISP_SEG=_OTP_CODE_START #
#                            -_OTP_CODE_END                                    #
#                            -Z(CODE)DEVICE_INIT,DEVICE_COM_SEG,DEVICE_SEG,DEV #
#                            _ASM=_OTP_CODE_START-_OTP_CODE_END                #
#                            -Z(CODE)SD_SEG,USB_SEG=_OTP_CODE_START-_OTP_CODE_ #
#                            END                                               #
#                            -Z(CODE)USBDEV_TBL=_OTP_CODE_START-_OTP_CODE_END  #
#                            -Z(CODE)FAT_COM_SEG,FAT_SEG,FS_INIT_SEG,FAT_API_S #
#                            EG=_OTP_CODE_START-_OTP_CODE_END                  #
#                            -Z(CODE)FS_SCAN_SEG,FILE_FILTER_SEG,FILE_FILTER_C #
#                            ONST=_OTP_CODE_START-_OTP_CODE_END                #
#                            -Z(CODE)KEY_VOICE,EQ_TBL=_OTP_CODE_START-_OTP_COD #
#                            E_END                                             #
#                            -Z(CODE)SPI_SEG,SPI_API_SEG,USER_SPI_SEG=_OTP_COD #
#                            E_START-_OTP_CODE_END                             #
#                            -Z(CODE)TASK_SEG,TASK_MUSIC_SEG,TASK_AUX_SEG,TASK #
#                            _SPEAKER_SEG,TASK_SPEAKER_CONST=_OTP_CODE_START-_ #
#                            OTP_CODE_END                                      #
#                            -Z(CODE)TASK_FM_SEG,TASK_RTC_SEG,TASK_USBDEV_SEG, #
#                            TASK_ALARM_SEG,TASK_ALARM_CONST=_OTP_CODE_START-_ #
#                            OTP_CODE_END                                      #
#                            -Z(CODE)TASK_IDLE_SEG,TASK_POWEROFF_SEG,TASK_LOWP #
#                            OWER_SEG=_OTP_CODE_START-_OTP_CODE_END            #
#                            -Z(CODE)TASK_FMAM_DETECT_SEG=_OTP_CODE_START-_OTP #
#                            _CODE_END                                         #
#                            -Z(CODE)TASK_FLASH_SEG,TASK_FLASH_CONST=_OTP_CODE #
#                            _START-_OTP_CODE_END                              #
#                            -Z(CODE)DISP_OCX_SEG=_OTP_CODE_START-_OTP_CODE_EN #
#                            D                                                 #
#                            -Z(CODE)DISP_MUSIC_SEG=_OTP_CODE_START-_OTP_CODE_ #
#                            END                                               #
#                            -Z(CODE)DISP_AUX_SEG=_OTP_CODE_START-_OTP_CODE_EN #
#                            D                                                 #
#                            -Z(CODE)DISP_SPEAKER_SEG=_OTP_CODE_START-_OTP_COD #
#                            E_END                                             #
#                            -Z(CODE)DISP_FM_SEG=_OTP_CODE_START-_OTP_CODE_END #
#                            -Z(CODE)DISP_RTC_SEG=_OTP_CODE_START-_OTP_CODE_EN #
#                            D                                                 #
#                            -Z(CODE)DISP_USBDEV_SEG=_OTP_CODE_START-_OTP_CODE #
#                            _END                                              #
#                            -Z(CODE)DISP_ALARM_SEG=_OTP_CODE_START-_OTP_CODE_ #
#                            END                                               #
#                            -Z(CODE)DISP_POWEROFF_SEG=_OTP_CODE_START-_OTP_CO #
#                            DE_END                                            #
#                            -Z(CODE)DISP_IDLE_SEG=_OTP_CODE_START-_OTP_CODE_E #
#                            ND                                                #
#                            -Z(CODE)MEM,MEMEEP,MEMRTCRAM,MEMDEVICE,MEMINT=_OT #
#                            P_CODE_START-_OTP_CODE_END                        #
#                            -Z(CODE)USER_SETTING_SEG,USER_SETTING_CONST,USER_ #
#                            IO_SEG,BAT_CHECK=_OTP_CODE_START-_OTP_CODE_END    #
#                            -Z(CODE)STARTMUSIC_SEG,STARTMUSIC_CONST=_OTP_CODE #
#                            _START-_OTP_CODE_END                              #
#                            -Z(CODE)WKUP_SEG=_OTP_CODE_START-_OTP_CODE_END    #
#                            -Z(CODE)CODE_TBL=0x7ff0-0x7ff7                    #
#                            -Z(CODE)CHECKSUM#_OTP_CODE_END                    #
#                            -Z(CODE)M_CONSTANT=0xC00000-0xC0FFFF              #
#                            -Z(XDATA)EXT_STACK+_EXTENDED_STACK_SIZE=_EXTENDED #
#                            _STACK_START-_EXTENDED_STACK_END                  #
#                            -Z(XDATA)PSTACK+_PDATA_STACK_SIZE=_PDATA_START-_P #
#                            DATA_END                                          #
#                            -Z(XDATA)XSTACK+_XDATA_STACK_SIZE=_XDATA_START-_X #
#                            DATA_END                                          #
#                            -Z(XDATA)PDATA_N,PDATA_Z,PDATA_I=_PDATA_START-_PD #
#                            ATA_END                                           #
#                            -Z(XDATA)MSG_POOL=_PDATA_START-_PDATA_END         #
#                            -Z(XDATA)USB_HOST_MASS_PDATA,USB_HOST_PDATA=0x0D- #
#                            0x36                                              #
#                            -Z(XDATA)FAT_PDATA=0x3F-0xA4                      #
#                            -Z(XDATA)IXDATA_N,IXDATA_Z,IXDATA_I=0x280-0x39C,_ #
#                            IXDATA_START-_IXDATA_END                          #
#                            -Z(XDATA)XDATA_N,XDATA_Z,XDATA_I=0x280-0x39C,_XDA #
#                            TA_START-_XDATA_END                               #
#                            -Z(XDATA)FILE_POINT_BUF,TRIM_XDATA=_XDATA_START-_ #
#                            XDATA_END                                         #
#                            -Z(XDATA)XDATA_HEAP+_XDATA_HEAP_SIZE=_XDATA_START #
#                            -_XDATA_END                                       #
#                            -Z(CONST)XDATA_ROM_C=_XDATA_START-_XDATA_END      #
#                            -Z(XDATA)DAC_XDATA=0x3CB-0x3D1                    #
#                            -Z(XDATA)FAT_XDATA=0x468-0x48E                    #
#                            -Z(XDATA)DECODER_BUF=0x7D0-0xFFF                  #
#                            -Z(XDATA)WAV_XDATA=0x20413-0x20416                #
#                            -Z(XDATA)ECHO_XDATA=0x2041B-0x20422               #
#                            -Z(XDATA)DIR_PATH_XDATA=0x107D0                   #
#                            -Z(XDATA)BT_BUFF_1=0x207D0                        #
#                            -Z(XDATA)RTC6218_BUF,BK1080_BUF=0x307D0           #
#                            -Z(XDATA)BT_XDATA=0x14500                         #
#                            -Z(XDATA)BT_BUFF_2=0x14560                        #
#                            -Z(XDATA)BT_SDBUFF=0x24680 -cx51 -R)              #
#                            -D_NR_OF_VIRTUAL_REGISTERS=14                     #
#                            -D_CODEBANK_START=0 -D_CODEBANK_END=0             #
#                            -e_small_write=_formatted_write -Hff -s           #
#                            __program_start                                   #
#                            I:\a_wangqun\”ÓÃ©_ÀØ√ﬂ“«_KNP08\18BC073A_”ÓÃ©_AX10 #
#                            71_xxxxxxxx_20180629_Merlin_1\app\cl-ple-nlec-1e1 #
#                            6x01.r51                                          #
#                            -D_IDATA_STACK_SIZE=0x00                          #
#                            -D_EXTENDED_STACK_START=0x100                     #
#                            -D_EXTENDED_STACK_END=0x4FF                       #
#                            -D_EXTENDED_STACK_SIZE=0x180                      #
#                            -D_PDATA_STACK_SIZE=0x0 -D_XDATA_STACK_SIZE=0x0   #
#                            -D_XDATA_HEAP_SIZE=0x0 -D_FAR_HEAP_SIZE=0x0       #
#                            -D_HUGE_HEAP_SIZE=0x0                             #
#                                                                              #
#                        Copyright 1987-2006 IAR Systems. All rights reserved. #
################################################################################





                ****************************************
                *                                      *
                *           CROSS REFERENCE            *
                *                                      *
                ****************************************

       Program entry at : CODE      0000427B  Relocatable, from module : CSTARTUP




                ****************************************
                *                                      *
                *            RUNTIME MODEL             *
                *                                      *
                ****************************************

  __calling_convention     = ext_stack_reentrant
  __code_model             = near
  __core                   = plain
  __data_model             = large
  __dptr_size              = 16
  __extended_stack         = enabled
  __location_for_constants = code
  __number_of_dptrs        = 1
  __rt_version             = 1



                ****************************************
                *                                      *
                *              MODULE MAP              *
                *                                      *
                ****************************************


  DEFINED ABSOLUTE ENTRIES
  PROGRAM MODULE, NAME : ?ABS_ENTRY_MOD

Absolute parts
           ENTRY                   ADDRESS         REF BY
           =====                   =======         ======
           _HUGE_HEAP_SIZE         00000000 
           _FAR_HEAP_SIZE          00000000 
           _XDATA_HEAP_SIZE        00000000 
           _XDATA_STACK_SIZE       00000000 
           _PDATA_STACK_SIZE       00000000 
           _EXTENDED_STACK_SIZE    00000180 
           _EXTENDED_STACK_END     000004FF 
           _EXTENDED_STACK_START   00000100 
           _IDATA_STACK_SIZE       00000000 
           _CODEBANK_END           00000000 
           _CODEBANK_START         00000000 
           _NR_OF_VIRTUAL_REGISTERS
                                   00000014 
           ?ESP                    0000009B        ?POP_BIT_ESP (?POP_BIT_ESP)
                                                   Segment part 6 (CSTARTUP)
           ?PBANK                  000000BF 
           ?PBANK_NUMBER           00000000 
           ?VB                     00000020        host_select_phy (device)
                                                   led_7p7s_disp_time (led_7p7s)
                                                   sd_active_safe (?device)
                                                   sd_stop (?sd)
                                                   set_sys_clk (clock)
                                                   spi_flash_init (user_spi)
                                                   task_flash_music_direct (task_flash)
           _BREG_END               00000007 
           _BREG_START             00000000 
           _REGISTER_BANK_START    00000000 
           ?REGISTER_BANK          00000000        Segment part 6 (CSTARTUP)
           _NEAR_CODE_END          00007FFF 
           _OTP_CODE_END           00007FEF 
           _OTP_CODE_START         00004000 
           _XDATA_END              000007FF 
           _XDATA_START            00000500 
           _IXDATA_END             000007FF 
           _IXDATA_START           00000500 
           _PDATA_END              000000FF 
           _PDATA_START            000000B2 
           _IDATA_END              00000094 
           _IDATA_START            0000006D 
    *************************************************************************

  FILE NAME : I:\a_wangqun\”ÓÃ©_ÀØ√ﬂ“«_KNP08\18BC073A_”ÓÃ©_AX1071_xxxxxxxx_20180629_Merlin_1\app\lib_ax107x.r51
  LIBRARY MODULE, NAME : EXTERN_FUN_DEF

Absolute parts
           ENTRY                   ADDRESS         REF BY
           =====                   =======         ======
           adpcm_proc              00002747 
           adpcm_dec               0000290A 
           adpcm_out               0000299B 
           wav_peek                000023FB        Segment part 1 (OTP_VECTOR)
           osc_delay               00008ADF        Segment part 13 (?clock)
                                                   Segment part 17 (?clock)
                                                   Segment part 19 (?clock)
                                                   Segment part 25 (?clock)
                                                   soft_poweroff (task_poweroff)
           cal_rc2m_do             00003F30 
           auto_check_x32k_do      00002F7E 
           sys_pll_x32k_do         00003937 
           powerup_handle          0000D6A0 
           tbl_anl_vol             00008178 
           dac_set_sample          0000923B        Segment part 1 (OTP_VECTOR)
           dac_reset               00009273        music_init (?music)
           dac_set_digvol          0000927A        Segment part 19 (?dac)
                                                   dac_set_volume_direct (dac)
           dac_ctl_init            000092A3        system_init (user_init)
           dac_fade_auto_step      000092BB        dac_fade_auto (?dac)
           dac_fade_auto_step1     00009301 
           dac_set_anlvol          0000931C        dac_fade_auto (?dac)
                                                   dac_set_volume_direct (dac)
           dac_clr_buf             0000933C        music_stop (?music)
           dac_set_trim            0000935E 
           dac_clr_trim            0000938B 
           dac_get_trim            000093C2 
           at_read                 000093FA        Segment part 24 (dac)
                                                   dac_fade_out (?dac)
                                                   dac_fade_out_auto (?dac)
                                                   dac_power_on (dac)
           at_write                0000940A        Segment part 23 (?dac)
                                                   Segment part 25 (dac)
                                                   Segment part 30 (dac)
                                                   Segment part 31 (dac)
                                                   dac_power_on (dac)
           dac_set_eqgain          00009435 
           copy_to_dacbuf          0000941C 
           music_eq_set_m          00008AF2 
           tbl_sample_rate         000089AE 
           qctl_init               0000C13D        qctl_init_1 (MUSIC_ASM)
           qctl_calc_frame         0000C174 
           qctl_calc_offset        0000C1F3 
           decode_skip             0000C254 
               is not allocated
           decode_qskip            0000C258 
           qctl_target_offset      0000C269 
           qctl_calc_frames        0000C2CE 
           decoder_get_fileptr     0000B3F3        qctl_init_1 (MUSIC_ASM)
           fctl_init_func          0000B41C        fctl_init (?fat)
           save_clust              0000B44D        Segment part 1 (OTP_VECTOR)
           load_clust_do           0000B53D 
           load_clust              0000B6BD        Segment part 1 (OTP_VECTOR)
           decoder_get_err         0000B710        music_init (?music)
           music_calc_mtime        0000B715        music_update_time (MUSIC_ASM)
           sound_detect_do         00003DF6 
           sound_ctl_init          0000DFAC        task_flash_music_enter (task_flash)
           sound_ctl_clr           0000DFD0 
               is not allocated
           decoder_bfbyte_end      0000BD23 
           decoder_bset            0000BD41 
           decoder_bclr            0000BE0A 
           decoder_get_bitpos      0000BE37 
           decoder_get_restbit_loaded
                                   0000BE7B 
           decoder_get_restbit     0000BEF4 
           decoder_benter          0000BF19 
           decoder_bexit           0000BF2C 
           decoder_badd            0000BF37 
           decoder_bfill           0000BF41        Segment part 1 (OTP_VECTOR)
           decoder_get_bits        0000C00D        Segment part 1 (OTP_VECTOR)
           decoder_get_bits_signed
                                   0000C03A        Segment part 1 (OTP_VECTOR)
           decoder_bskip           0000C069        Segment part 1 (OTP_VECTOR)
           decoder_init            0000B760        Segment part 1 (OTP_VECTOR)
           decoder_wptr            0000B79B 
           decoder_wcnt            0000B7E9 
           decoder_set_fill_limit
                                   0000B82A 
               is not allocated
           decoder_get_fill_limit
                                   0000B82D 
           decoder_fill            0000B830        Segment part 1 (OTP_VECTOR)
           decoder_getbyte         0000B8B9        Segment part 1 (OTP_VECTOR)
           decoder_getbytes        0000B8FD        Segment part 1 (OTP_VECTOR)
           decoder_skip            0000B9AD        Segment part 1 (OTP_VECTOR)
           decoder_getle16         0000BAA5 
           decoder_getle32         0000BABC 
           decoder_peek            0000BAF0        is_other_file (user_music)
           decoder_seek_org        0000BB5C 
           decoder_stream_end      0000BB9C 
               is not allocated
           decoder_skip_peek       0000BBA1 
           device_is_online        0000DFE9        i2c_sd_mux_enter (user_i2c)
                                                   i2c_sd_mux_exit (user_i2c)
                                                   my_mal_get_status (?lark_fix)
                                                   spi_sd_mux_exit (user_spi)
                                                   task_flash_music_event (task_flash)
                                                   usb_device_is_online (?device)
                                                   usb_host_is_online (?device)
           device_need_activate    0000DFF8        comm_event (task)
                                                   device_activate (device)
                                                   device_change_check (device)
           device_is_actived       0000E00D        device_activate (device)
                                                   device_change_check (device)
                                                   system_init (user_init)
                                                   task_flash_music_enter (task_flash)
           device_activate_try     0000E022        device_activate_do (device)
           device_status_stable    0000E035 
               is not allocated
           S_SHL_U8                0000E06E 
           tbl_eq_db_m             00008013 
           eq_coeff_m              00008049 
           tbl_eq_db_coff          0000807F 
           dac_calc_eqgain         00009447 
           dac_set_eq              000094D6 
               is not allocated
           dac_eq_fade_do          000094F2 
               is not allocated
           dac_eq_fade_m           00009558 
           dac_eq_set_m            0000957A 
           music_eq_init_m         00009590        dac_init (dac)
           music_eq_set_do         00003FDB 
           music_eq_setd_m         000095DF        user_change_eq (user_setting)
           music_filename_check    000095F1        task_music_break_save (task_music)
           save_dir_path           00009609 
               is not allocated
           load_dir_path           00009636 
               is not allocated
           f_check_ext             00009648 
               is not allocated
           m_f_mount               0000D5C2 
               is not allocated
           file_point_init         0000F781 
               is not allocated
           restore_file_dir        0000F81F 
           load_file_point_p       0000F8D1 
           load_file_point         0000F9ED 
               is not allocated
           load_dir_num_point      0000FAC6 
               is not allocated
           get_free_file_point     0000FB39 
           save_file_point_p       0000FC9F 
           save_file_point         0000FD7B 
               is not allocated
           save_file_point_tmp     0000FDCC 
               is not allocated
           dir_point_init          0000FDDF 
               is not allocated
           dir_point_used          0000FDE5 
               is not allocated
           load_dir_point          0000FE08 
               is not allocated
           save_dir_point          0000FEBF 
               is not allocated
           f_attr_is_dir           0000A331 
               is not allocated
           f_attr_is_file          0000A343 
               is not allocated
           string_tolow            0000A34E 
           get_ext_name            0000A382 
               is not allocated
           nibble_tbl              0000FF49 
           fm_get_diff             0000FF59 
           i2c_sda_high_then_delay
                                   0000E084 
           i2c_sda_low_then_delay
                                   0000E08A 
           i2c_scl_high_then_delay
                                   0000E090 
           i2c_scl_low_then_delay
                                   0000E096 
           i2c_send_ack            0000E09C 
           i2c_send_nack           0000E0A4 
           i2c_recv_ack            0000E0BC 
           i2c_stop                0000E0D3 
               is not allocated
           i2c_init                0000E0DF 
           i2c_start               0000E0EB 
               is not allocated
           i2c_send_byte           0000E0F4 
           i2c_read_byte           0000E10F 
           i2c_read                0000E136 
           i2c_write               0000E16B 
           i2c_sda_high_then_delay_2
                                   0000E1AB 
           i2c_sda_low_then_delay_2
                                   0000E1B1 
           i2c_scl_high_then_delay_2
                                   0000E1B7 
           i2c_scl_low_then_delay_2
                                   0000E1BD 
           i2c_send_ack_2          0000E1C3 
           i2c_send_nack_2         0000E1CB 
           i2c_recv_ack_2          0000E1E3 
           i2c_stop_2              0000E1FA 
           i2c_init_2              0000E206 
           i2c_start_2             0000E215 
           i2c_send_byte_2         0000E21E 
           i2c_read_byte_2         0000E239 
           i2c_port_init_2         0000E260 
           i2c_sda_dirout_2        0000E26C 
           i2c_sda_dirin_2         0000E270 
           i2c_scl_dirout_2        0000E274 
           i2c_sda_high_2          0000E278 
           i2c_sda_low_2           0000E27B 
           i2c_scl_high_2          0000E27E 
           i2c_scl_low_2           0000E281 
           i2c_sda_read_2          0000E284 
           alarm_pcm_buf           0000FFD7 
           sec2time                0000F692 
           time2sec                0000F722 
           irtcdat_write           00008AFD 
           irtcdat_read            00008B01 
           irtc_write_4byte        0000F622 
           irtc_read_4byte         0000F640 
           irtc_read_cmd           0000F65E        irtc_init (api_rtc)
                                                   irtc_poweron (user_init)
                                                   powerkey_get (user_key)
                                                   wko_init (task_poweroff)
           irtc_write_cmd          0000F66B        irtc_init (api_rtc)
                                                   irtc_poweron (user_init)
                                                   soft_poweroff (task_poweroff)
                                                   soft_poweroff_enter (task_poweroff)
                                                   sys_pll_xosc (clock)
                                                   sysclk_set (clock)
                                                   wko_init (task_poweroff)
           irtc_write_date         0000F67A 
           irtc_read_date          0000F680 
           irtc_write_alarm        0000F686 
           irtc_read_alarm         0000F68C 
           irtc_write_ram          00008B0D        rtcram_write_byte (RTC_ASM)
                                                   task_flash_music_deal_msg (task_flash)
                                                   task_flash_music_enter (task_flash)
                                                   task_flash_music_event (task_flash)
                                                   task_flash_music_exit (task_flash)
                                                   write_flash_num_rtcram (mem_rtcram)
                                                   write_music_break_rtcram (mem_rtcram)
                                                   write_num_rtcram (mem_rtcram)
           irtc_read_ram           00008B30        read_volume_rtcram (mem_rtcram)
                                                   rtcram_read_multi (RTC_ASM)
           kedir_disable_top_tiny_resume_big
                                   0000D5CD 
           ir_key_get              0000D5D6 
           eoc_isr                 0000D5E8 
           normal_timer_isr        0000D63E 
           kedir_timer_isr         0000D642 
           philips_ir_init_var     0000D68E 
           timer2_init             00008B47        system_init (user_init)
           maskrom_main            0000D6F8 
           mp3_id3v2_match         0000D3D5 
           mp3_id3v2_tag_len       0000D405 
           mp3_layer1_rq           0000D443 
           mp3_decode              0000D444        msc_mp3_decode (?music)
           II_samples              0000336F 
           II_next_index           00003440 
           II_sample_to_mram       0000345D 
           tbl_aucon3_sf           000089EC 
           mp3_bset                0000C303 
           mp3_clr_mpram           0000C346 
           mp3_get_sfb             0000C361 
           mp3_aucon3_set          00003D20 
           mp3_aucon34_set         00003D4A 
           mp3_huff_start          00003A1A 
           mp3_huff_end            00003A89 
           mp3_huff_dec_pre        00003AA5 
           mp3_huff_dec_big        00003B3D 
           mp3_huff_dec_small      00003C21 
           mp3_huff_dec_zero       00003CBE 
           mp3_huff_dec            00003CCF 
           mp3_requantize_1        000030F1 
           mp3_requantize_2        00003477 
           mp3_requantize          0000C375 
           mp3_stereo              0000C67F        mp3_stereo_fix (?lark_fix)
           mp3_reorder             0000C79C 
           mp3_synth               0000C7A4 
           tbl_sample              000089F5 
           mp3_sync_check          0000C7A9 
           mp3_sync_verify         0000C7E7        Segment part 1 (OTP_VECTOR)
           mp3_sync_recheck        0000C835 
           mp3_sync                0000C869 
           mp3_get_header          0000C898 
           mp3_get_sideinfo        0000CA2C 
           mp3_check_maindata_len
                                   00008B6A 
           mp3_get_frame_len       0000CC8D 
           mp3_maindata_start      0000CD1B 
           mp3_pre_decode          0000CD46 
           mp3_scalefactors_1      00003254 
           mp3_scalefactors_2      0000364F 
           mp3_scalefactors_normal
                                   0000CD9A 
           cal_slen_l              0000CEE5 
           cal_slen_s              0000CF95 
           mp3_scalefactors_lsf    0000D02A 
           mp3_scalefactors        0000D260 
           mp3_kick_stereo_reorder
                                   0000D26C 
           mp3_frame_end           0000D27F 
           mp3_decode_do           00008B91 
           mp3_init                0000D2AB        music_init (?music)
           decoder_init_for_mp3    0000D31A        Segment part 1 (OTP_VECTOR)
           mp3_id3v2_parse         0000D34D        Segment part 1 (OTP_VECTOR)
           mp3_dec_return          00003DB1        Segment part 1 (OTP_VECTOR)
           mp3_synth_check         0000D3AE        mp3_isr (user_music)
           mp3_sta_check           00003DC3        mp3_dec_subin (?mp3)
           mp3_jump                0000D44F        Segment part 1 (OTP_VECTOR)
           mp3_save_point_1        0000D48F 
           mp3_save_point          0000D4A3        Segment part 1 (OTP_VECTOR)
           mp3_qskip               0000D4AA        mp3_dec_subin (?mp3)
           mp3_q_jump              00008D54 
           mp3_qskip_start         0000D528 
           mp3_qskip_start_quick   0000D56B        Segment part 1 (OTP_VECTOR)
           mp3_qskip_check_start   00008D86 
           mp3_qskip_check         0000D580        mp3_dec_subin (?mp3)
           mp3_qskip_end           0000D599 
               is not allocated
           hufftabA                00002002 
           hufftabB                0000203E 
           hufftab1                0000207A 
           hufftab2                00002086 
           hufftab3                0000209E 
           hufftab5                000020B6 
           hufftab6                000020E2 
           hufftab7                00002112 
           hufftab8                0000217E 
           hufftab9                000021E2 
           hufftab10               00002246 
           hufftab11               000022FE 
           hufftab12               000023B2 
           hufftab13               00002462 
           hufftab15               00002726 
           hufftab16               0000299E 
           hufftab24               00002C66 
           tbl_huff_quad           00002EE2 
           tbl_huff                00002EE6 
           tbl_bit_rate            00008A00 
           tbl_sflen               00008A4B 
           tbl_preemphasis         00002F46 
           tbl_nsfb                00002F5C 
           tbl_sbquant             00002FA4 
           tbl_bitalloc            0000303F 
           tbl_offset              0000304F 
           tbl_qc                  000030A9 
           l12_sftable             000030ED 
           msg_init                0000DE7C        system_init (user_init)
           flush_msg               0000DE8B 
           put_msg                 0000DE8F        KEY_Whire1 (user_key)
                                                   KEY_Whire2 (user_key)
                                                   key_scan (user_key)
           get_msg                 0000DEB7        task_flash_music (task_flash)
                                                   task_idle (task_idle)
                                                   task_poweroff (task_poweroff)
           dac_set_sample_hook     00004083 
           delay_hook              00004086        usb_device_is_online (?device)
           kedir_pause_hook        00004089 
           kedir_resume_hook       0000408C 
           my_uart_putchar_hook    0000408F 
           device_get_hook         00004092 
           decoder_init_hook       00004095 
           decoder_read_hook       00004098 
           decoder_seek_hook       0000409B 
           decoder_getbyte_hook    0000409E 
           decoder_getbytes_hook   000040A1 
           decoder_skip_hook       000040A4 
           decoder_fill_hook       000040A7 
               is not allocated
           decoder_get_bits_hook   000040AA 
           decoder_get_bits_signed_hook
                                   000040AD 
           decoder_bfill_hook      000040B0 
           decoder_bskip_hook      000040B3 
           decoder_readstart_hook
                                   000040B6 
           decoder_readstop_hook   000040B9 
           save_clust_hook         000040BC 
           load_clust_hook         000040BF 
           decoder_init_for_mp3_hook
                                   000040C2 
           mp3_dec_return_hook     000040C5 
           mp3_dec_subin_hook      000040C8 
           mp3_id3v2_parse_hook    000040CB 
           mp3_sync_verify_hook    000040CE 
           mp3_jump_hook           000040D1 
           mp3_save_point_hook     000040D4 
           mp3_qskip_start_hook    000040D7 
           decoder_init_for_wav_hook
                                   000040DA 
           wav_subin_hook          000040DD 
           wav_save_point_hook     000040E0 
           wav_jump_hook           000040E3 
               is not allocated
           wav_fill_check_hook     000040E6 
           wav_peek_hook           000040E9 
           adpcm_rewind_hook       000040EC 
               is not allocated
           adpcm_err_hook          000040EF 
           other_format_hook       000040F2 
           usb_host_is_online_hook
                                   000040F5 
           usb_host_bus_check_hook
                                   000040F8 
           usb_switch_stable_host_hook
                                   000040FB 
           usb_host_get_descriptor_hook
                                   000040FE 
           host_scsi_perform_hook
                                   00004101 
           usb_host_mass_getinfo_hook
                                   00004104 
           usb_host_get_actived_hook
                                   00004107 
           usb_host_set_actived_hook
                                   0000410A 
           usb_host_get_device_end_hook
                                   0000410D 
           usb_host_get_configuration_loop_hook
                                   00004110 
           usb_host_is_mass_hook   00004113 
           usb_host_ep0_enum_hook
                                   00004116 
           usb_host_get_device_descriptor_1_hook
                                   00004119 
           usb_host_get_configuration_descriptor_2_hook
                                   0000411C 
           usb_host_ep0_wait_hook
                                   0000411F 
           usb_host_bulk_wait_txrdy_hook
                                   00004122 
           usb_host_bulk_wait_rxrdy_hook
                                   00004125 
           usb_host_mass_init_hook
                                   00004128 
           usb_host_mass_enum_hook
                                   0000412B 
           usb_host_ep0buf_skip_hook
                                   0000412E 
           usb_host_bulk_tx_hook   00004131 
           usb_host_bulk_rx_hook   00004134 
           host_scsi_write_hook    00004137 
           host_scsi_rx_hook       0000413A 
           usb_host_mass_write_sector_hook
                                   0000413D 
           usb_host_mass_read_do_hook
                                   00004140 
           usb_host_mass_read_sector_hook
                                   00004143 
           usb_host_mass_read_end_hook
                                   00004146 
           usb_host_ipad_charge_hook
                                   00004149 
           sd_active_hook          0000414C        fs_sel_new (?fat)
                                                   sd_active_safe (?device)
           sd_read_a_hook          0000414F 
           sd_write_a_hook         00004152 
           sd_stop_hook            00004155 
           sd_set_rate_hook        00004158 
           sd_read_wait_hook       0000415B 
           sd_write_wait_hook      0000415E 
           sd_port_init_hook       00004161 
           sd_get_status_hook      00004164 
           sd_set_status_hook      00004167 
           sd_active_cmd12_hook    0000416A 
           move_window_hook        0000416D 
           get_cluster_hook        00004170 
           check_fs_hook           00004173 
           next_dir_entry_hook     00004176 
           m_f_clust_boundary_hook
                                   00004179 
           fs_first_win_tick_hook
                                   0000417C 
           f_readdir_get_hook      0000417F 
           f_exfat_readdir_get_hook
                                   00004182 
           f_move_window_hook      00004185 
           f_finddbr_end_hook      00004188 
           i2c_sda_dirout_hook     0000418B 
           i2c_sda_dirin_hook      0000418E 
           i2c_scl_dirout_hook     00004191 
           i2c_sda_high_hook       00004194 
           i2c_sda_low_hook        00004197 
           i2c_scl_high_hook       0000419A 
           i2c_scl_low_hook        0000419D 
           i2c_sda_read_hook       000041A0 
           i2c_port_init_hook      000041A3 
           i2c_port_finish_hook    000041A6 
           i2c_delay_hook          000041A9 
           i2c_delay_2_hook        000041AC 
           usb_device_is_online_hook
                                   000041AF 
           usb_switch_stable_device_hook
                                   000041B2 
           usb_device_reset_hook   000041B5 
           usb_device_resume_hook
                                   000041B8 
           usb_device_suspend_hook
                                   000041BB 
           usb_ep0_process_isr_hook
                                   000041BE 
           iso_out_process_hook    000041C1 
           usb_class_request_hook
                                   000041C4 
           usb_get_descriptor_hook
                                   000041C7 
           usb_get_str_desc_hook   000041CA 
           usb_get_descriptor_end_hook
                                   000041CD 
           usb_spk_set_volume_hook
                                   000041D0 
           usb_spk_get_volume_hook
                                   000041D3 
           usb_spk_set_mute_hook   000041D6 
           mal_sd_detect_hook      000041D9 
           mal_sd_recheck_hook     000041DC 
           mal_device_activate_try_hook
                                   000041DF 
           mal_write_start_hook    000041E5 
           mal_read_start_hook     000041E8 
           mal_idle_hook           000041EB 
           scsi_invalid_request_hook
                                   000041EE 
           para_test               0000D711 
           pcm_decode              0000252C 
           pcm_8bit_mono           0000254B 
           pcm_8bit_stereo         00002575 
           pcm_16bit_mono          00002596 
           pcm_16bit_stereo        000025BF 
           pcm_24bit_mono          000025DE 
           pcm_24bit_stereo        00002609 
           pcm_32bit_mono          00002633 
           pcm_32bit_stereo        00002660 
           my_printf               00008E20        KEY_Whire1 (user_key)
                                                   KEY_Whire2 (user_key)
                                                   adc_get (user_key)
                                                   deal_msg (task)
                                                   device_activate_do (device)
                                                   double_click_filter (user_key)
                                                   irtc_poweron (user_init)
                                                   key_scan (user_key)
                                                   rtcram_poweron_check (mem_rtcram)
                                                   soft_poweroff_enter (task_poweroff)
                                                   soft_poweroff_init (task_poweroff)
                                                   spi_flash_init (user_spi)
                                                   system_init (user_init)
                                                   task_battery_check (user_key)
                                                   task_flash_music (task_flash)
                                                   task_flash_music_enter (task_flash)
                                                   task_flash_music_event (task_flash)
                                                   task_flash_music_exit (task_flash)
                                                   task_idle (task_idle)
                                                   task_poweroff (task_poweroff)
                                                   task_poweroff_deal_msg (task_poweroff)
                                                   timer2_isr (main)
           printf_array            000090C4 
           sd_active_init          0000DA30 
           sd_check_type           0000DA60 
           sd_clr_status           0000DAA0 
               is not allocated
           sd_init                 0000DAB4 
           sd_active_do            0000DAC2 
           sd_active               0000DB40        sd_active_a (device)
           sd_read_kick            0000DB56 
           sd_read_start           0000DB68 
           sd_wait_do              0000DBCC 
           sd_read_wait            0000DC17        Segment part 1 (OTP_VECTOR)
           sd_read_opt             0000DC2A 
           sd_read_a               0000DC90        Segment part 1 (OTP_VECTOR)
           sd_stop_m               0000DD02        sd_stop (?sd)
           sd_read                 0000DD6A 
               is not allocated
           mmc_get_capacity        0000DDD5 
           sd_get_capacity         0000DE11 
           sd_write_start          0000D8D3 
           sd_write_kick           0000D913 
           sd_write_wait           0000DDC0        Segment part 1 (OTP_VECTOR)
           sd_write_opt            0000D928 
           sd_write_a              0000D98E        Segment part 1 (OTP_VECTOR)
           sd_write                0000D9DA 
               is indirectly called
           sd_send_cmd0            0000D7BF 
               is not allocated
           mmc_send_cmd1           0000D7C6 
           sd_send_cmd2            0000D7D5 
           sd_send_cmd3            0000D7DC 
           mmc_send_cmd3           0000D7EB 
           sd_send_cmd7            0000D804 
           sd_send_cmd8            0000D80E 
           sd_send_cmd9            0000D827 
           sd_send_cmd55           0000D82E 
           sd_send_a41             0000D83B 
           sd_is_actived           0000D857 
           sd_get_csize            0000D873 
           sd_get_clen             0000D891 
           sd_send_cmd12           0000D8A9        Segment part 1 (OTP_VECTOR)
           sd_send_cmd13           0000D8B0 
           sd_send_cmd18           0000D8B7 
           sd_send_cmd25           0000D8CE 
           sound_maxpow            0000DF72        dac_fade_auto (?dac)
           sound_detect            0000DFDE        dac_fade_auto (?dac)
           delay_5ms               0000DEF3        Segment part 21 (dac)
                                                   Segment part 28 (dac)
                                                   Segment part 35 (?music)
                                                   dac_power_on (dac)
                                                   soft_poweroff_init (task_poweroff)
                                                   task_flash_music_enter (task_flash)
                                                   task_flash_music_exit (task_flash)
           delay_nop               0000DEFD        Segment part 26 (user_i2c)
           rand_init               0000DF05 
           rand_do                 00003E85 
           my_memcpy               000081ED 
               is not allocated
           my_memset               0000821E        device_init (device)
                                                   key_init (user_key)
                                                   system_init (user_init)
                                                   task_flash_music_enter (task_flash)
           smemset_i               0000DEED        led_7p7s_clear (led_7p7s)
                                                   led_7p7s_value_set (led_7p7s)
           smemcmp                 00008233 
           smemcmp_c               0000824C        is_other_file (user_music)
           memcpy_c                00008275 
           dummy_void              0000829C 
               is indirectly called
           dummy_u8                0000829C 
           swap_u32                0000829D 
           load_u32b               000082A4 
           load_u16b               000082B4 
           delay_m                 0000DF14        Segment part 23 (?clock)
                                                   delay_1ms (main)
                                                   system_init (user_init)
           clear_u32               0000DF25 
           clear_u32i              0000DF32 
           smemcpy                 0000DF3B 
           smemcpy_c               00009130 
           sys_pll_x32k            00009152 
           rand                    0000915D 
           cal_rc2m                00009168 
           auto_check_x32k         00009173 
           exfatstr                00002AA4 
           move_window_do          00009690 
           get_cluster             000096DD        get_cluster_fix (?fat)
           clust2sect              00009AF9 
               is not allocated
           check_fs                00002AA9        check_fs_fix (?lark_fix)
           m_f_mount_do            00002B32 
           m_f_open_exist          00009B4C 
               is not allocated
           f_read                  00009B90        music_decoder_read (user_fat)
           m_f_lseek               00009CEF        decoder_seek (user_fat)
                                                   music_decoder_read (user_fat)
           m_f_rootdir             00009DB3 
               is not allocated
           f_readdir_fat           00009E15        f_readdir (LARK_FIX_ASM)
           f_readdir_exfat         00009F04 
           m_f_readdir             0000A0B9 
           m_f_opendir             0000A0C9 
               is not allocated
           next_dir_entry_do       0000A11F 
           bitmap_zero_offset      00008003 
           m_f_clust_boundary      0000A1F7        Segment part 1 (OTP_VECTOR)
           m_f_max512              0000A218 
           m_f_u32_inc             0000A224 
           m_f_u32_add_u16         0000A238 
           m_f_u32_minus_u32       0000A24A 
           m_f_u32_isnot_0         0000A268 
           m_f_getshift            0000A27B 
           next_dir_entry          0000A290        Segment part 1 (OTP_VECTOR)
           fs_load_dword           0000A2A7 
           fs_load_sclust          0000A2BA 
           fs_get_windir           0000A2DA 
           f_move_window           0000A2EB        Segment part 1 (OTP_VECTOR)
           move_window             0000A317        Segment part 1 (OTP_VECTOR)
           uart_init               00009202        system_init (user_init)
           uart_putc               00009218        irtc_poweron (user_init)
                                                   soft_poweroff_init (task_poweroff)
           uart_recevc             00009220 
           my_uart_putchar         0000922B        Segment part 1 (OTP_VECTOR)
           ??readbyte_chucksum_setflag1
                                   00003988 
           uart_mode               000039D3 
           write_usb_reg           0000A429 
               is not allocated
           read_usb_reg            0000A443 
           mad_cfg_desc            0000E287 
           usb_ep0_init            0000E40D 
           usb_ep0_reset           0000E423 
           usb_isr_mask            0000EA8A 
           usb_audio_vol_buf       000051C4 
           spk_vol_tbl             0000F4F9 
           usb_audio_init          0000E46B 
           usb_audio_reset         0000E4A9 
           usb_spk_set_volume_do   0000F347 
           usb_spk_get_volume      0000F38F        Segment part 1 (OTP_VECTOR)
           usb_spk_set_mute        0000F3F6        Segment part 1 (OTP_VECTOR)
           iso_out_process         0000F3F7        Segment part 1 (OTP_VECTOR)
           stall_ep0               0000E54A 
           ep0_null_pkt_in         0000E552 
           usb_get_descriptor      0000E55F        Segment part 1 (OTP_VECTOR)
           usb_set_feature         0000E60B 
           usb_clear_feature       0000E678 
           usb_class_request       0000E6EE        Segment part 1 (OTP_VECTOR)
           ep0_out_process         0000E7A9 
           ep0_in_process          0000E820 
           setup_process           0000E8AC 
           usb_ep0_process_isr     0000E9EF 
           usb_ep0_process         0000EA65        usb_device_is_online (?device)
           usb_hid_init_m          0000E4D6 
               is not allocated
           usb_hid_reset           0000E4EC 
           usb_hid_setvalid        0000F469 
               is not allocated
           usb_hid_delay           0000A407 
           usb_hid_send_m          0000F470 
               is not allocated
           usb_hid_key             0000F4E9 
           mal_get_status_m        0000EAF0        my_mal_get_status (?lark_fix)
           mal_write_start         0000EB2D        Segment part 1 (OTP_VECTOR)
           mal_write_kick          0000917E 
           mal_write_wait          0000EB59 
           mal_read_start          0000EB6C        Segment part 1 (OTP_VECTOR)
           mal_read_next           0000EB8C 
           mal_read_wait           0000EBA8 
           usb_mass_delay          0000A41C 
           usb_mass_init           0000E50E 
           usb_mass_exit           0000E539 
           usb_mass_reset          0000EBB4 
           usb_clr_bulk_out        0000EBF7 
           usb_stall_bulk_in       0000EBFF 
           usb_stall_bulk_out      0000EC19 
           usb_stall_bulk_all      0000EC33 
           usb_bulk_out            0000EC67 
           usb_bulk_in             0000ECC3 
           scsi_get_cbw            0000ED3A 
           scsi_send_csw           0000EDB6 
           scsi_set_sense          0000EDE4 
           device_online_check     0000EE12 
           scsi_invalid_request    0000EE34        Segment part 1 (OTP_VECTOR)
           scsi_start_stop_unit    0000EE44 
           scsi_prevent_allow_medium_removal
                                   0000EE66 
           scsi_hostin_send        0000EE84 
           scsi_request_sense      0000EEDA 
           scsi_inquiry            0000EF09 
           scsi_mode_sense6        0000EF17 
           scsi_read_format_capacity
                                   0000EF36 
           scsi_read_capacity      0000EF77 
           scsi_check_cbwlength    0000EFCB 
           scsi_check_capacity     0000F002 
           scsi_read               0000F03F 
           scsi_write              0000F124 
           scsi_request_hn         0000F238 
           scsi_request_hi         0000F25F 
           scsi_request_ho         0000F2B1 
           scsi_request            0000F2DA 
           usb_mass_process        0000F327 
           tbl_usb_device_descriptor
                                   0000F4FC 
           tbl_usb_config_all_descriptor_gen
                                   0000F50E 
           tbl_usb_config_all_descriptor_mass
                                   0000F517 
           tbl_usb_config_all_descriptor_audio_ctrl_head
                                   0000F52E 
           tbl_usb_config_all_descriptor_audio_ctrl_speaker
                                   0000F541 
           tbl_usb_config_all_descriptor_speaker_stream
                                   0000F560 
           tbl_usb_config_all_descriptor_hid
                                   0000F594 
           tbl_usb_hid_report_descriptor
                                   0000F5AD 
           tbl_usb_language_id     0000F5CE 
           tbl_usb_str_manufacturer
                                   0000F5D2 
           tbl_usb_str_product     0000F5E2 
           tbl_scsi_inquiry_data   0000F5FE 
           usb_host_resume_m       0000A3A9        Segment part 30 (device)
           usb_host_suspend_m      0000A3D6        usb_host_suspend (device)
           usb_intr_dis            0000A3E5 
           usb_host_init           0000A978 
           usb_host_bus_check      0000A460        Segment part 1 (OTP_VECTOR)
           usb_host_ep0_wait       0000A47E        Segment part 1 (OTP_VECTOR)
           usb_host_ep0_setup      0000A4EA 
           usb_host_ep0_tx         0000A51D 
           usb_host_ep0_rx         0000A53C 
           usb_host_ep0_request    0000A5A7 
           usb_host_reset          0000A5E0 
           usb_host_clr_feature    0000A61C 
           usb_host_get_descriptor
                                   0000A65A        Segment part 1 (OTP_VECTOR)
           usb_host_get_descriptor_end
                                   0000A696 
           usb_host_ep0buf_skip    0000A6BD        Segment part 1 (OTP_VECTOR)
           usb_host_get_info       0000A6E6 
           usb_host_set_address    0000A71A 
           usb_host_set_configuration
                                   0000A73C 
           usb_host_class_get_lun
                                   0000A75F 
           usb_host_get_device_descriptor_1
                                   0000A793        Segment part 1 (OTP_VECTOR)
           usb_host_get_device_descriptor_2
                                   0000A7C3 
           usb_host_get_configuration_descriptor_1
                                   0000A7DA 
           usb_host_get_configuration_descriptor_2
                                   0000A7FD        Segment part 1 (OTP_VECTOR)
           usb_host_is_mass        0000A8ED        Segment part 1 (OTP_VECTOR)
           usb_host_ep0_enum       0000A8FF        Segment part 1 (OTP_VECTOR)
           usb_host_enum           0000A9D3        device_activate_udisk_do (?device)
           host_sense_code         00008A9B 
           usb_host_mass_init      0000AB7C        Segment part 1 (OTP_VECTOR)
           usb_host_bulk_wait_txrdy
                                   0000ABDB        Segment part 1 (OTP_VECTOR)
           usb_host_bulk_tx        0000AC63        Segment part 1 (OTP_VECTOR)
           usb_host_bulk_wait_rxrdy
                                   0000AC96        Segment part 1 (OTP_VECTOR)
           usb_host_bulk_rx        0000AD0E        Segment part 1 (OTP_VECTOR)
           host_cbw_set            0000AD59 
           host_cbw_send           0000AD9E 
           host_scsi_rx            0000ADC1        Segment part 1 (OTP_VECTOR)
           host_scsi_read          0000AE89 
           host_scsi_write         0000AEB5        Segment part 1 (OTP_VECTOR)
           host_csw_get            0000AF19 
           host_get_sense          0000AF69 
           host_sense_retry        0000AFA8 
           host_scsi_perform_do    0000AFBF 
           host_scsi_perform       0000B0C1        Segment part 1 (OTP_VECTOR)
           host_scsi               0000B0DF 
               is not allocated
           usb_host_is_no_medium   0000B118 
           usb_host_set_no_medium
                                   0000A95F 
           usb_host_set_fail       0000A96D 
               is not allocated
           usb_host_mass_getinfo   0000AA0A        Segment part 1 (OTP_VECTOR)
               is not allocated
           usb_host_test_ready     0000AA65 
               is not allocated
           usb_host_mass_enum      0000AA87        Segment part 1 (OTP_VECTOR)
               is not allocated
           usb_host_mass_enum_try
                                   0000B131 
           usb_host_mass_read_end
                                   0000B165        Segment part 1 (OTP_VECTOR)
                                                   Segment part 34 (?music)
                                                   host_select_phy (device)
           usb_host_mass_read_sector
                                   0000B1A1        Segment part 1 (OTP_VECTOR)
               is not allocated
           usb_host_mass_read_do   0000B2AD        Segment part 1 (OTP_VECTOR)
               is not allocated
           usb_host_mass_read      0000AAEC 
               is not allocated
           usb_host_mass_write_sector
                                   0000B318        Segment part 1 (OTP_VECTOR)
           usb_host_mass_write_do
                                   0000B399 
           usb_host_mass_write     0000AB3F 
               is indirectly called
           usb_host_read_only      0000AB6E 
               is not allocated
           wavs                    000003D2 
           index_tbl               0000268D 
           step_tbl                00002695 
           adpcm_err               000029DD        Segment part 1 (OTP_VECTOR)
           adpcm_decode            000029E2 
           adpcm_rewind            00002A90        Segment part 1 (OTP_VECTOR)
           pcm_decode_do           0000239A 
           wav_decode_do           000023D4 
           wav_get_sample_index    00002001 
           wav_getinfo             0000202F 
           wav_header_parse        0000209C 
           decoder_init_for_wav    00002163        Segment part 1 (OTP_VECTOR)
           wav_init_do             0000217C 
           wav_decode              0000D5AC 
               is not allocated
           wav_init                0000D5B7        music_init (?music)
           ff_asf_header           00008ACF 
           wav_save_point_1        00002447 
           wav_save_point          0000245B        Segment part 1 (OTP_VECTOR)
           wav_calc_frame          000091A1 
           wav_jump                00002462        Segment part 1 (OTP_VECTOR)
           wav_subin               0000249A        Segment part 1 (OTP_VECTOR)
           wav_fill_check          000024F4        Segment part 1 (OTP_VECTOR)
           is_wma_file             00002503        is_other_file (user_music)
           ?SC_DIV_MOD             000082BA 
           ?L_EQ_REW               000082DC 
           ?L_EQ                   000082DF        get_cluster_fix (?fat)
           ?L_EQ_PX_REW            000082F4 
           ?L_EQ_PX                000082F7 
           ?L_EQ_X_REW             0000830C 
           ?L_EQ_X                 0000830F        task_flash_music_event (task_flash)
           ?L_EQ_C_REW             00008324 
           ?L_EQ_C                 00008327        check_fs_fix (?lark_fix)
                                                   spi_flash_init (user_spi)
           ?SL_GT_REW              00008340 
           ?SL_GT                  00008343 
           ?SL_GT_PX_REW           00008358 
           ?SL_GT_PX               0000835B 
           ?UL_GT_REW              00008370 
           ?UL_GT                  00008373        get_Flash_TotalFiles (task_flash)
                                                   spi_mp3flash_read (?spi_api)
           ?UL_GT_PX_REW           00008383 
           ?UL_GT_PX               00008386 
           ?UL_GT_X_REW            00008396 
           ?UL_GT_X                00008399        task_flash_music_event (task_flash)
           ?L_MUL                  000083A9 
           ?L_MUL_REW              000083AC 
           ?UL_DIV_MOD             00008429        task_music_cal_time (task_music)
           ?L_DIV_MOD              000084C3 
           ?L_NEG_R1_REW           000084F0 
           ?L_NEG_R1               000084F3 
           ?L_NEG_REW              00008504 
           ?L_NEG                  00008507 
           ?SL_SHR_REW             00008518 
           ?SL_SHR                 0000851E 
           ?UL_SHR_REW             00008538 
           ?UL_SHR                 0000853E        spi_send_addr_2 (spi)
           ?L_SHL                  00008557        spi_mp3_index_read_program (?spi_api)
                                                   spi_mp3flash_read (?spi_api)
                                                   spi_readID (user_spi)
           ?L_SHL_REW              0000855D 
           ?L_ADD_REW              00008576 
           ?L_ADD                  00008579        spi_readID (user_spi)
           ?L_ADD_X_REW            0000858C 
           ?L_ADD_X                0000858F        spi_mp3flash_read (?spi_api)
           ?L_ADD_C_REW            000085A2 
           ?L_ADD_C                000085A5        get_Flash_TotalFiles (task_flash)
                                                   get_cluster_fix (?fat)
                                                   spi_mp3_index_read_program (?spi_api)
           ?L_ADD_PX_REW           000085BC 
           ?L_ADD_PX               000085BF 
[...]
USER_SPI_SEG
  Relative segment, address: CODE 00006546 - 00006549 (0x4 bytes), align: 0
  Segment part 32.            Intra module refs:   spi_readID
           ENTRY                   ADDRESS         REF BY
           =====                   =======         ======
           spi_read_byte           00006546        Segment part 31 (spi)
                                                   spi_read_ssr (spi)
               calls direct
               stack 1 = 00000010 ( 00000000 )
    -------------------------------------------------------------------------
USER_SPI_SEG
  Relative segment, address: CODE 0000654A - 0000654D (0x4 bytes), align: 0
  Segment part 33.
           ENTRY                   ADDRESS         REF BY
           =====                   =======         ======
           spi_write_byte          0000654A        Segment part 30 (spi)
                                                   spi_read_ssr (spi)
                                                   spi_send_addr_2 (spi)
               calls direct
    -------------------------------------------------------------------------
USER_SPI_SEG
  Relative segment, address: CODE 0000654E - 0000655B (0xe bytes), align: 0
  Segment part 41.            Intra module refs:   spi_read
    -------------------------------------------------------------------------
USER_SPI_SEG
  Relative segment, address: CODE 0000655C - 0000657B (0x20 bytes), align: 0
  Segment part 42.
           ENTRY                   ADDRESS         REF BY
           =====                   =======         ======
           spi_read                0000655C        get_Flash_TotalFiles (task_flash)
                                                   spi_mp3flash_read (?spi_api)
                                                   spi_read32 (spi)
               calls direct
               stack 1 = 00000004 ( 00000008 )
    -------------------------------------------------------------------------
USER_SPI_SEG
  Relative segment, address: CODE 0000657C - 0000660E (0x93 bytes), align: 0
  Segment part 43.            Intra module refs:   spi_flash_init
           ENTRY                   ADDRESS         REF BY
           =====                   =======         ======
           spi_readID              0000657C 
               calls direct
               stack 1 = 00000007 ( 00000011 )
    -------------------------------------------------------------------------
USER_SPI_SEG
  Relative segment, address: CODE 0000660F - 00006678 (0x6a bytes), align: 0
  Segment part 44.
           ENTRY                   ADDRESS         REF BY
           =====                   =======         ======
           spi_flash_init          0000660F        system_init (user_init)
                                                   task_flash_music_enter (task_flash)
               calls direct
               stack 1 = 00000000 ( 00000007 )
    -------------------------------------------------------------------------
USER_SPI_SEG
  Relative segment, address: CODE 00006679 - 0000667C (0x4 bytes), align: 0
  Segment part 50.
           ENTRY                   ADDRESS         REF BY
           =====                   =======         ======
           spi_mp3_index_read      00006679        task_flash_music_init (task_flash)
               calls direct
    -------------------------------------------------------------------------
CODE_C
  Relative segment, address: CODE 000049F1 - 000049F7 (0x7 bytes), align: 0
  Segment part 11.            Intra module refs:   spi_flash_init
    -------------------------------------------------------------------------
CODE_C
  Relative segment, address: CODE 000049F8 - 000049FB (0x4 bytes), align: 0
  Segment part 18.            Intra module refs:   spi_flash_init
           ENTRY                   ADDRESS         REF BY
           =====                   =======         ======
           __Constant_ffffffff     000049F8 
    -------------------------------------------------------------------------
CODE_C
  Relative segment, address: CODE 000049FC - 000049FF (0x4 bytes), align: 0
  Segment part 19.            Intra module refs:   spi_flash_init
           ENTRY                   ADDRESS         REF BY
           =====                   =======         ======
           __Constant_ffffff       000049FC 
    -------------------------------------------------------------------------
CODE_C
  Relative segment, address: CODE 00004A00 - 00004A03 (0x4 bytes), align: 0
  Segment part 23.            Intra module refs:   get_cluster_fix (?fat)
           ENTRY                   ADDRESS         REF BY
           =====                   =======         ======
           __Constant_1            00004A00 

    *************************************************************************

  FILE NAME : I:\a_wangqun\”ÓÃ©_ÀØ√ﬂ“«_KNP08\18BC073A_”ÓÃ©_AX1071_xxxxxxxx_20180629_Merlin_1\app\Debug\Obj\user_usb.r51
  PROGRAM MODULE, NAME : user_usb

  SEGMENTS IN THE MODULE
  ======================
SFR_AN
  Relative segment, address: DATA 000000DC - 000000DC (0x1 bytes), align: 0
  Segment part 1. ROOT.
           ENTRY                   ADDRESS         REF BY
           =====                   =======         ======
           USBCON1                 000000DC 
    -------------------------------------------------------------------------
USB_SEG
  Relative segment, address: CODE 00006148 - 00006150 (0x9 bytes), align: 0
  Segment part 7.
           ENTRY                   ADDRESS         REF BY
           =====                   =======         ======
           usb_switch_stable_device
                                   00006148        Segment part 1 (OTP_VECTOR)
               calls direct
    -------------------------------------------------------------------------
USB_SEG
  Relative segment, address: CODE 00006151 - 00006159 (0x9 bytes), align: 0
  Segment part 8.
           ENTRY                   ADDRESS         REF BY
           =====                   =======         ======
           usb_switch_stable_host
                                   00006151        Segment part 1 (OTP_VECTOR)
               calls direct

    *************************************************************************

  FILE NAME : I:\a_wangqun\”ÓÃ©_ÀØ√ﬂ“«_KNP08\18BC073A_”ÓÃ©_AX1071_xxxxxxxx_20180629_Merlin_1\app\Debug\Obj\user_usbdev.r51
    *************************************************************************

  FILE NAME : I:\a_wangqun\”ÓÃ©_ÀØ√ﬂ“«_KNP08\18BC073A_”ÓÃ©_AX1071_xxxxxxxx_20180629_Merlin_1\app\cl-ple-nlec-1e16x01.r51
  LIBRARY MODULE, NAME : ?MOVE_LONG8_XDATA_CODE

  SEGMENTS IN THE MODULE
  ======================
RCODE
  Relative segment, address: CODE 00004A07 - 00004A28 (0x22 bytes), align: 0
  Segment part 0. ROOT.
           ENTRY                   ADDRESS         REF BY
           =====                   =======         ======
           ?MOVE_LONG8_XDATA_CODE
                                   00004A07 
           LOCAL                   ADDRESS         
           =====                   =======         
           move_byte               00004A0A 

    -------------------------------------------------------------------------
  PROGRAM MODULE, NAME : ?DEC_DPTR_3

Absolute parts
           LOCAL                   ADDRESS         
           =====                   =======         
           __DPTR_SEPARATE__       00000000 
    -------------------------------------------------------------------------
  LIBRARY MODULE, NAME : ?POP_BIT_ESP

  SEGMENTS IN THE MODULE
  ======================
RCODE
  Relative segment, address: CODE 00004A29 - 00004A91 (0x69 bytes), align: 0
  Segment part 1. ROOT.
           ENTRY                   ADDRESS         REF BY
           =====                   =======         ======
           ?POP_BIT_ESP            00004A29 

    -------------------------------------------------------------------------
  LIBRARY MODULE, NAME : ?low_level_init

  SEGMENTS IN THE MODULE
  ======================
CSTART
  Relative segment, address: CODE 0000428A - 0000428C (0x3 bytes), align: 0
  Segment part 6. ROOT.
           ENTRY                   ADDRESS         REF BY
           =====                   =======         ======
           __low_level_init        0000428A        __low_level_init_call (?cmain)

    *************************************************************************

  DEFINED ABSOLUTE ENTRIES
  PROGRAM MODULE, NAME : ?FILLER_BYTES

  SEGMENTS IN THE MODULE
  ======================
INTVEC
  Common segment, address: CODE 00004000 - 0000405D (0x5e bytes), align: 0
  Segment part 3.
    -------------------------------------------------------------------------
?FILL3
  Relative segment, address: CODE 00007578 - 00007FEC (0xa75 bytes), align: 0
  Segment part 2.
    -------------------------------------------------------------------------
?FILL2
  Relative segment, address: CODE 0000407E - 0000407F (0x2 bytes), align: 0
  Segment part 1.
    -------------------------------------------------------------------------
?FILL1
  Relative segment, address: CODE 0000405E - 0000407A (0x1d bytes), align: 0
  Segment part 0.




                ****************************************
                *                                      *
                *      SEGMENTS IN ADDRESS ORDER       *
                *                                      *
                ****************************************


SEGMENT              SPACE    START ADDRESS   END ADDRESS     SIZE  TYPE  ALIGN
=======              =====    =============   ===========     ====  ====  =====
INTVEC               CODE          00004000 - 0000405D          5E   com    0
?FILL1               CODE          0000405E - 0000407A          1D   rel    0
?FILL2               CODE          0000407E - 0000407F           2   rel    0
OTP_RESET            CODE          00004080 - 00004082           3   rel    0
OTP_VECTOR           CODE          00004083 - 000041F0         16E   rel    0
CSTART               CODE          000041F1 - 0000428C          9C   rel    0
CLK_SEG              CODE          0000428D - 000043D4         148   rel    0
I2C_CB_SEG           CODE          000043D5 - 00004454          80   rel    0
AUADC_SEG            CODE               00004455                     dse    0
AMUX_SEG             CODE               00004455                     dse    0
NEAR_CODE            CODE          00004455 - 00004877         423   rel    0
CODE_C               CODE          00004878 - 00004A03         18C   rel    0
BDATA_ID             CODE               00004A04                     dse    0
BIT_ID               CODE               00004A04                     dse    0
PDATA_ID             CODE               00004A04                     dse    0
IDATA_ID             CODE               00004A04                     dse    0
IXDATA_ID            CODE               00004A04                     dse    0
DATA_ID              CODE               00004A04                     dse    0
XDATA_ID             CODE          00004A04 - 00004A06           3   rel    0
RCODE                CODE          00004A07 - 00004A91          8B   rel    0
SYS_DELAY            CODE          00004A92 - 00004AA8          17   rel    0
SYS_INIT             CODE          00004AA9 - 00004C6C         1C4   rel    0
INTERRUPT            CODE          00004C6D - 00004EC7         25B   rel    0
SET_SYS_CLK_SEG      CODE          00004EC8 - 00004F49          82   rel    0
DAC_INIT             CODE          00004F4A - 0000508E         145   rel    0
DAC_INIT_CONST       CODE               0000508F                     dse    0
DAC_SEG              CODE          0000508F - 0000525B         1CD   rel    0
MUSIC_SEG            CODE          0000525C - 00005588         32D   rel    0
RTC_TBL              CODE               00005589                     dse    0
RTC_INIT             CODE          00005589 - 000055AE          26   rel    0
KEY_INIT             CODE          000055AF - 00005619          6B   rel    0
SCAN_COM             CODE          0000561A - 0000589C         283   rel    0
LED_7P7S_INIT        CODE          0000589D - 00005910          74   rel    0
LED_7P7S_SEG         CODE          00005911 - 00005CC6         3B6   rel    0
LED_DISP_TBL         CODE          00005CC7 - 00005CEA          24   rel    0
LED_DISP_SEG         CODE          00005CEB - 00005D82          98   rel    0
DEVICE_INIT          CODE          00005D83 - 00005DB6          34   rel    0
DEVICE_COM_SEG       CODE          00005DB7 - 00005DD6          20   rel    0
DEVICE_SEG           CODE          00005DD7 - 00005F21         14B   rel    0
DEV_ASM              CODE          00005F22 - 00005F4A          29   rel    0
SD_SEG               CODE          00005F4B - 00005FF2          A8   rel    0
USB_SEG              CODE          00005FF3 - 00006159         167   rel    0
FAT_COM_SEG          CODE          0000615A - 000061C2          69   rel    0
FAT_SEG              CODE               000061C3                     dse    0
FS_INIT_SEG          CODE               000061C3                     dse    0
FAT_API_SEG          CODE          000061C3 - 000061D2          10   rel    0
SPI_SEG              CODE          000061D3 - 000063AF         1DD   rel    0
SPI_API_SEG          CODE               000063B0                     dse    0
USER_SPI_SEG         CODE          000063B0 - 0000667C         2CD   rel    0
TASK_SEG             CODE          0000667D - 00006833         1B7   rel    0
TASK_MUSIC_SEG       CODE          00006834 - 00006922          EF   rel    0
TASK_IDLE_SEG        CODE          00006923 - 00006973          51   rel    0
TASK_POWEROFF_SEG    CODE          00006974 - 00006A93         120   rel    0
TASK_FLASH_SEG       CODE          00006A94 - 000070E9         656   rel    0
DISP_OCX_SEG         CODE          000070EA - 00007150          67   rel    0
DISP_POWEROFF_SEG    CODE          00007151 - 0000715D           D   rel    0
DISP_IDLE_SEG        CODE          0000715E - 0000716E          11   rel    0
MEM                  CODE          0000716F - 000071FA          8C   rel    0
MEMEEP               CODE               000071FB                     dse    0
MEMRTCRAM            CODE          000071FB - 000072B5          BB   rel    0
USER_SETTING_SEG     CODE          000072B6 - 0000732B          76   rel    0
USER_SETTING_CONST   CODE          0000732C - 0000735E          33   rel    0
USER_IO_SEG          CODE          0000735F - 000073E7          89   rel    0
BAT_CHECK            CODE          000073E8 - 00007577         190   rel    0
?FILL3               CODE          00007578 - 00007FEC         A75   rel    0
CHECKSUM             CODE          00007FED - 00007FEF           3   rel    0
CODE_TBL             CODE          00007FF0 - 00007FF7           8   rel    0
M_CONSTANT           CODE          00C00000 - 00C089E7        89E8   rel    0
REGISTERS            DATA          00000000 - 00000007           8   rel    0
__REG_BANK1          DATA          00000008 - 0000000F           8   rel    0
__REG_BANK2          DATA          00000010 - 00000017           8   rel    0
BREG                 BIT        00000020.0  -  00000020.7        8   rel    0
BIT_N                BIT        00000026.0  -  00000026.2        3   rel    0
BDATA_N              DATA          00000027 - 0000002D           7   rel    0
VREG                 DATA          00000030 - 00000043          14   rel    0
SYS_DATA             DATA          00000044 - 00000046           3   rel    0
DATA_I               DATA               00000047                     dse    0
DATA_Z               DATA          00000047 - 0000004E           8   rel    0
MP3_DATA             DATA          0000005C - 0000005D           2   rel    0
DATA_N               DATA          0000006D - 0000007C          10   rel    0
SFR_AN               DATA          00000080 - 00000080           1   rel    0
                     DATA          00000088 - 00000088           1 
                     DATA          0000008B - 0000008B           1 
                     DATA          00000090 - 00000090           1 
                     DATA          000000A0 - 000000A0           1 
                     DATA          000000A3 - 000000A3           1 
                     DATA          000000A8 - 000000A9           2 
                     DATA          000000AD - 000000AD           1 
                     DATA          000000B1 - 000000B3           3 
                     DATA          000000B9 - 000000BE           6 
                     DATA          000000C0 - 000000C0           1 
                     DATA          000000C2 - 000000C2           1 
                     DATA          000000C5 - 000000C6           2 
                     DATA          000000C8 - 000000C9           2 
                     DATA          000000CB - 000000CF           5 
                     DATA          000000D1 - 000000D2           2 
                     DATA          000000D4 - 000000D6           3 
                     DATA          000000D9 - 000000D9           1 
                     DATA          000000DB - 000000DD           3 
                     DATA          000000E2 - 000000E2           1 
                     DATA          000000E6 - 000000E8           3 
                     DATA          000000ED - 000000EF           3 
                     DATA          000000F1 - 000000F1           1 
                     DATA          000000F7 - 000000F7           1 
                     DATA          000000FC - 000000FC           1 
USB_HOST_MASS_PDATA
                     XDATA         0000000D - 0000001C          10   rel    0
USB_HOST_PDATA       XDATA         0000001D - 00000036          1A   rel    0
FAT_PDATA            XDATA         0000003F - 000000A4          66   rel    0
MSG_POOL             XDATA         000000B2 - 000000C1          10   rel    0
EXT_STACK            XDATA         00000100 - 0000027F         180   rel    0
IXDATA_I             XDATA              00000280                     dse    0
XDATA_N              XDATA         00000280 - 000002F5          76   rel    0
XDATA_AN             XDATA         000003C2 - 000003CA           9   rel    0
DAC_XDATA            XDATA         000003CB - 000003D1           7   rel    0
FAT_XDATA            XDATA         00000468 - 0000048E          27   rel    0
XDATA_Z              XDATA         00000500 - 000005C4          C5   rel    0
XDATA_I              XDATA         000005C5 - 000005C7           3   rel    0
FILE_POINT_BUF       XDATA         000005C8 - 00000706         13F   rel    0
TRIM_XDATA           XDATA         00000707 - 0000070B           5   rel    0
DECODER_BUF          XDATA         000007D0 - 00000FFF         830   rel    0
DIR_PATH_XDATA       XDATA         000107D0 - 000108B9          EA   rel    0
IDATA_Z              IDATA              0000007D                     dse    0
IDATA_I              IDATA              0000007D                     dse    0
IDATA_N              IDATA         0000007D - 00000090          14   rel    0
ISTACK               IDATA              00000095                     rel    0
IDATA_AN             IDATA         00000095 - 00000095           1   rel    0
                     IDATA         000000A9 - 000000A9           1 
IDATA_AN             IDATA         000000B5 - 000000B5           1   rel    0
                     CODE          0000407B - 0000407D           3  aseg  

                ****************************************
                *                                      *
                *        END OF CROSS REFERENCE        *
                *                                      *
                ****************************************

 48 969 bytes of CODE  memory (+  3 absolute, 2 708 range fill )
     64 bytes of DATA  memory (+ 64 absolute  )
  3 562 bytes of XDATA memory (+  9 absolute  )
     20 bytes of IDATA memory (+  3 absolute  )
     11 bits  of BIT   memory

Errors: none
Warnings: none

