####################################################################################################################################
#                                                                                                                                  #
#      IAR Universal Linker V4.60D/386                                                                                             #
#                                                                                                                                  #
#           Link time     =  27/Jun/2018  22:54:28                                                                                 #
#           Target CPU    =  x51                                                                                                   #
#           List file     =  DebugBC/List/app.map                                                                                  #
#           Output file 1 =  DebugBC\Exe/app.dbg                                                                                   #
#                            Format: debug                                                                                         #
#                            UBROF version 10.0.2                                                                                  #
#           Output file 2 =  DebugBC\Exe/app.a51                                                                                   #
#                            Format: intel-standard                                                                                #
#           Command line  =  lib_ax207x.r51 -f DebugBC/List/link_List.xcl (-A DebugBC/Obj/main.r51 DebugBC/Obj/config.r51          #
#                            DebugBC/Obj/display.r51 DebugBC/Obj/led.r51 DebugBC/Obj/led_5c7s.r51 DebugBC/Obj/led_7p7s.r51         #
#                            DebugBC/Obj/theme_aux.r51 DebugBC/Obj/theme_idle.r51 DebugBC/Obj/theme_music.r51                      #
#                            DebugBC/Obj/theme_poweroff.r51 DebugBC/Obj/theme_rtc.r51 DebugBC/Obj/theme_speaker.r51                #
#                            DebugBC/Obj/theme_usbdev.r51 DebugBC/Obj/adckey.r51 DebugBC/Obj/mem.r51 DebugBC/Obj/mem_rtcram.r51    #
#                            DebugBC/Obj/clock.r51 DebugBC/Obj/dac.r51 DebugBC/Obj/device.r51 DebugBC/Obj/startmusic.r51           #
#                            DebugBC/Obj/usb_tune.r51 DebugBC/Obj/api_rtc.r51 DebugBC/Obj/spi.r51 DebugBC/Obj/task.r51             #
#                            DebugBC/Obj/task_flash.r51 DebugBC/Obj/task_idle.r51 DebugBC/Obj/task_lowpower.r51                    #
#                            DebugBC/Obj/task_music.r51 DebugBC/Obj/task_poweroff.r51 DebugBC/Obj/task_rtc.r51                     #
#                            DebugBC/Obj/task_usbdev.r51 DebugBC/Obj/file_filter.r51 DebugBC/Obj/user_amux.r51                     #
#                            DebugBC/Obj/user_fat.r51 DebugBC/Obj/user_i2c.r51 DebugBC/Obj/user_init.r51 DebugBC/Obj/user_io.r51   #
#                            DebugBC/Obj/user_key.r51 DebugBC/Obj/user_music.r51 DebugBC/Obj/user_setting.r51                      #
#                            DebugBC/Obj/user_spi.r51 DebugBC/Obj/user_usb.r51 DebugBC/Obj/user_usbdev.r51) -f                     #
#                            option_xlink51.cfg (-I. -Fdebug-intel-std -xms -f lnk_base.xcl (-D_IDATA_START=0x6D                   #
#                            -D_IDATA_END=0x94 -D_PDATA_START=0xB2 -D_PDATA_END=0xFF -D_IXDATA_START=0x0500 -D_IXDATA_END=0x7FF    #
#                            -D_XDATA_START=_IXDATA_START -D_XDATA_END=_IXDATA_END -D_OTP_CODE_START=0x4000                        #
#                            -D_OTP_CODE_END=0x7FEF -D_NEAR_CODE_END=0x7FFF -D?REGISTER_BANK=0 -D_REGISTER_BANK_START=0            #
#                            -D_BREG_START=0x00 -D_BREG_END=0x07 -D?VB=0x20 -D?PBANK_NUMBER=0 -D?PBANK=0xBF -D?ESP=9B              #
#                            -Z(BIT)BREG=_BREG_START-_BREG_END -Z(BIT)BIT_N=30-FF -Z(DATA)BDATA_N=0x26-0x2F                        #
#                            -Z(DATA)SYS_BDATA=0x26-0x2F -Z(DATA)REGISTERS+8=_REGISTER_BANK_START                                  #
#                            -Z(DATA)VREG+_NR_OF_VIRTUAL_REGISTERS=30-7F -Z(DATA)PSP,XSP=40-7F -Z(DATA)DOVERLAY=40-7F              #
#                            -Z(DATA)DATA_I,DATA_Z,DATA_N=47-4F,6D-7F -Z(DATA)SYS_DATA=44-46 -Z(DATA)DECODER_DATA=50-5B            #
#                            -Z(DATA)MP3_DATA=5C-6C -Z(DATA)WAV_DATA=15E-160 -Z(DATA)USBDEV_DATA=25C-26C -Z(DATA)BT_DATA=35C-36C   #
#                            -U(IDATA)20-7F=(DATA)20-7F -Z(IDATA)IDATA_I,IDATA_Z,IDATA_N=_IDATA_START-_IDATA_END                   #
#                            -Z(IDATA)ISTACK+_IDATA_STACK_SIZE#20-_IDATA_END -Z(IDATA)IOVERLAY=20-FF -Z(CODE)INTVEC=4000           #
#                            -Z(CODE)OTP_RESET,OTP_VECTOR=0x4080 -Z(CODE)DAC_ASM=_OTP_CODE_START-_OTP_CODE_END                     #
#                            -Z(CODE)KEY_VOICE_TBL=_OTP_CODE_START-_OTP_CODE_END                                                   #
#                            -Z(CODE)CSTART,CLK_SEG,I2C_CB_SEG,AMUX_SEG,AUADC_SEG,NEAR_CODE,CODE_C,CODE_N=_OTP_CODE_START-_OTP_COD #
#                            E_END                                                                                                 #
#                            -Z(CODE)BIT_ID,BDATA_ID,DATA_ID,IDATA_ID,IXDATA_ID,PDATA_ID,XDATA_ID=_OTP_CODE_START-_OTP_CODE_END    #
#                            -Z(CODE)RCODE,USB_FIX,USB_FIX_ASM=_OTP_CODE_START-_OTP_CODE_END                                       #
#                            -Z(CODE)SYS_DELAY,SYS_INIT,INTERRUPT,SET_SYS_CLK_SEG=_OTP_CODE_START-_OTP_CODE_END                    #
#                            -Z(CODE)DAC_INIT,DAC_INIT_CONST,DAC_SEG=_OTP_CODE_START-_OTP_CODE_END                                 #
#                            -Z(CODE)MUSIC_SEG=_OTP_CODE_START-_OTP_CODE_END                                                       #
#                            -Z(CODE)USER_MUSIC_SEG=_OTP_CODE_START-_OTP_CODE_END                                                  #
#                            -Z(CODE)USER_AMUX_CONST,USER_AMUX_SEG=_OTP_CODE_START-_OTP_CODE_END                                   #
#                            -Z(CODE)API_FM,FM_FADE=_OTP_CODE_START-_OTP_CODE_END                                                  #
#                            -Z(CODE)RDA5807_RX,RDA5807_RX_TABLE,QN8035_RX_EXT,QN8035_RX,QN8065_RX,QN8065_RX_TABLE,BK1080,BK1080_R #
#                            X_TABLE=_OTP_CODE_START-_OTP_CODE_END                                                                 #
#                            -Z(CODE)AR1010_RX,AR1010_RX_TABLE,AR1019_RX,SP3777_RX,SP3777_RX_TABLE,KT0830EG=_OTP_CODE_START-_OTP_C #
#                            ODE_END                                                                                               #
#                            -Z(CODE)CL6017S_RX,CL6017S_RX_TABLE,CL6017G_RX,CL6017G_RX_TABLE,RTC6218_RX,RTC6218_RX_TABLE=_OTP_CODE #
#                            _START-_OTP_CODE_END                                                                                  #
#                            -Z(CODE)RTC_TBL,RTC_INIT,RTC_SEG_API=_OTP_CODE_START-_OTP_CODE_END                                    #
#                            -Z(CODE)KEY_INIT,SCAN_COM,KEY_CONST_TABLE=_OTP_CODE_START-_OTP_CODE_END                               #
#                            -Z(CODE)IR_INIT,IR_SCAN,IR_CONST_TABLE=_OTP_CODE_START-_OTP_CODE_END                                  #
#                            -Z(CODE)KEDIR_CODE,KEDIR_CONST_TABLE=_OTP_CODE_START-_OTP_CODE_END                                    #
#                            -Z(CODE)TOUCH_KEY_SEG,TOUCH_KEY_TABLE=_OTP_CODE_START-_OTP_CODE_END                                   #
#                            -Z(CODE)LCD_SEG_TBL,LCD_INIT,LCD_SEG_API=_OTP_CODE_START-_OTP_CODE_END                                #
#                            -Z(CODE)LED_5C7S_INIT,LED_5C7S_SEG=_OTP_CODE_START-_OTP_CODE_END                                      #
#                            -Z(CODE)LED_SEG=_OTP_CODE_START-_OTP_CODE_END                                                         #
#                            -Z(CODE)LED_7P7S_INIT,LED_7P7S_SEG=_OTP_CODE_START-_OTP_CODE_END                                      #
#                            -Z(CODE)LED_DISP_TBL,LED_DISP_SEG=_OTP_CODE_START-_OTP_CODE_END                                       #
#                            -Z(CODE)DEVICE_INIT,DEVICE_COM_SEG,DEVICE_SEG,DEV_ASM=_OTP_CODE_START-_OTP_CODE_END                   #
#                            -Z(CODE)SD_SEG,USB_SEG=_OTP_CODE_START-_OTP_CODE_END                                                  #
#                            -Z(CODE)USBDEV_TBL=_OTP_CODE_START-_OTP_CODE_END                                                      #
#                            -Z(CODE)FAT_COM_SEG,FAT_SEG,FS_INIT_SEG,FAT_API_SEG=_OTP_CODE_START-_OTP_CODE_END                     #
#                            -Z(CODE)FS_SCAN_SEG,FILE_FILTER_SEG,FILE_FILTER_CONST=_OTP_CODE_START-_OTP_CODE_END                   #
#                            -Z(CODE)KEY_VOICE,EQ_TBL=_OTP_CODE_START-_OTP_CODE_END                                                #
#                            -Z(CODE)SPI_SEG,SPI_API_SEG,USER_SPI_SEG=_OTP_CODE_START-_OTP_CODE_END                                #
#                            -Z(CODE)TASK_SEG,TASK_MUSIC_SEG,TASK_AUX_SEG,TASK_SPEAKER_SEG,TASK_SPEAKER_CONST=_OTP_CODE_START-_OTP #
#                            _CODE_END                                                                                             #
#                            -Z(CODE)TASK_FM_SEG,TASK_RTC_SEG,TASK_USBDEV_SEG,TASK_ALARM_SEG,TASK_ALARM_CONST=_OTP_CODE_START-_OTP #
#                            _CODE_END                                                                                             #
#                            -Z(CODE)TASK_IDLE_SEG,TASK_POWEROFF_SEG,TASK_LOWPOWER_SEG=_OTP_CODE_START-_OTP_CODE_END               #
#                            -Z(CODE)TASK_FMAM_DETECT_SEG=_OTP_CODE_START-_OTP_CODE_END                                            #
#                            -Z(CODE)TASK_FLASH_SEG,TASK_FLASH_CONST=_OTP_CODE_START-_OTP_CODE_END                                 #
#                            -Z(CODE)DISP_OCX_SEG=_OTP_CODE_START-_OTP_CODE_END                                                    #
#                            -Z(CODE)DISP_MUSIC_SEG=_OTP_CODE_START-_OTP_CODE_END                                                  #
#                            -Z(CODE)DISP_AUX_SEG=_OTP_CODE_START-_OTP_CODE_END                                                    #
#                            -Z(CODE)DISP_SPEAKER_SEG=_OTP_CODE_START-_OTP_CODE_END                                                #
#                            -Z(CODE)DISP_FM_SEG=_OTP_CODE_START-_OTP_CODE_END                                                     #
#                            -Z(CODE)DISP_RTC_SEG=_OTP_CODE_START-_OTP_CODE_END                                                    #
#                            -Z(CODE)DISP_USBDEV_SEG=_OTP_CODE_START-_OTP_CODE_END                                                 #
#                            -Z(CODE)DISP_ALARM_SEG=_OTP_CODE_START-_OTP_CODE_END                                                  #
#                            -Z(CODE)DISP_POWEROFF_SEG=_OTP_CODE_START-_OTP_CODE_END                                               #
#                            -Z(CODE)DISP_IDLE_SEG=_OTP_CODE_START-_OTP_CODE_END                                                   #
#                            -Z(CODE)MEM,MEMEEP,MEMRTCRAM,MEMDEVICE,MEMINT=_OTP_CODE_START-_OTP_CODE_END                           #
#                            -Z(CODE)USER_SETTING_SEG,USER_SETTING_CONST,USER_IO_SEG,BAT_CHECK=_OTP_CODE_START-_OTP_CODE_END       #
#                            -Z(CODE)STARTMUSIC_SEG,STARTMUSIC_CONST=_OTP_CODE_START-_OTP_CODE_END                                 #
#                            -Z(CODE)WKUP_SEG=_OTP_CODE_START-_OTP_CODE_END -Z(CODE)CODE_TBL=0x7ff0-0x7ff7                         #
#                            -Z(CODE)CHECKSUM#_OTP_CODE_END -Z(CODE)M_CONSTANT=0xC00000-0xC0FFFF                                   #
#                            -Z(XDATA)EXT_STACK+_EXTENDED_STACK_SIZE=_EXTENDED_STACK_START-_EXTENDED_STACK_END                     #
#                            -Z(XDATA)PSTACK+_PDATA_STACK_SIZE=_PDATA_START-_PDATA_END                                             #
#                            -Z(XDATA)XSTACK+_XDATA_STACK_SIZE=_XDATA_START-_XDATA_END                                             #
#                            -Z(XDATA)PDATA_N,PDATA_Z,PDATA_I=_PDATA_START-_PDATA_END -Z(XDATA)MSG_POOL=_PDATA_START-_PDATA_END    #
#                            -Z(XDATA)USB_HOST_MASS_PDATA,USB_HOST_PDATA=0x0D-0x36 -Z(XDATA)FAT_PDATA=0x3F-0xA4                    #
#                            -Z(XDATA)IXDATA_N,IXDATA_Z,IXDATA_I=0x280-0x39C,_IXDATA_START-_IXDATA_END                             #
#                            -Z(XDATA)XDATA_N,XDATA_Z,XDATA_I=0x280-0x39C,_XDATA_START-_XDATA_END                                  #
#                            -Z(XDATA)FILE_POINT_BUF,TRIM_XDATA=_XDATA_START-_XDATA_END                                            #
#                            -Z(XDATA)XDATA_HEAP+_XDATA_HEAP_SIZE=_XDATA_START-_XDATA_END                                          #
#                            -Z(CONST)XDATA_ROM_C=_XDATA_START-_XDATA_END -Z(XDATA)DAC_XDATA=0x3CB-0x3D1                           #
#                            -Z(XDATA)FAT_XDATA=0x468-0x48E -Z(XDATA)DECODER_BUF=0x7D0-0xFFF -Z(XDATA)WAV_XDATA=0x20413-0x20416    #
#                            -Z(XDATA)ECHO_XDATA=0x2041B-0x20422 -Z(XDATA)DIR_PATH_XDATA=0x107D0 -Z(XDATA)BT_BUFF_1=0x207D0        #
#                            -Z(XDATA)RTC6218_BUF,BK1080_BUF=0x307D0 -Z(XDATA)BT_XDATA=0x14500 -Z(XDATA)BT_BUFF_2=0x14560          #
#                            -Z(XDATA)BT_SDBUFF=0x24680 -cx51 -R) -D_NR_OF_VIRTUAL_REGISTERS=14 -D_CODEBANK_START=0                #
#                            -D_CODEBANK_END=0 -e_small_write=_formatted_write -Hff -s __program_start cl-ple-nlec-1e16x01.r51     #
#                            -D_IDATA_STACK_SIZE=0x00 -D_EXTENDED_STACK_START=0x100 -D_EXTENDED_STACK_END=0x4FF                    #
#                            -D_EXTENDED_STACK_SIZE=0x180 -D_PDATA_STACK_SIZE=0x0 -D_XDATA_STACK_SIZE=0x0 -D_XDATA_HEAP_SIZE=0x0   #
#                            -D_FAR_HEAP_SIZE=0x0 -D_HUGE_HEAP_SIZE=0x0) -IDebugBC/Obj -o DebugBC\Exe/app.dbg -l                   #
#                            DebugBC/List/app.map                                                                                  #
#                                                                                                                                  #
#                                                                            Copyright 1987-2006 IAR Systems. All rights reserved. #
####################################################################################################################################





                ****************************************
                *                                      *
                *           CROSS REFERENCE            *
                *                                      *
                ****************************************

       Program entry at : CODE      00004275  Relocatable, from module : CSTARTUP




                ****************************************
                *                                      *
                *            RUNTIME MODEL             *
                *                                      *
                ****************************************

  __calling_convention     = ext_stack_reentrant
  __code_model             = near
  __core                   = plain
  __data_model             = large
  __dptr_size              = 16
  __extended_stack         = enabled
  __location_for_constants = code
  __number_of_dptrs        = 1
  __rt_version             = 1



                ****************************************
                *                                      *
                *              MODULE MAP              *
                *                                      *
                ****************************************


  DEFINED ABSOLUTE ENTRIES
  PROGRAM MODULE, NAME : ?ABS_ENTRY_MOD

Absolute parts
           ENTRY                   ADDRESS         REF BY
           =====                   =======         ======
           _HUGE_HEAP_SIZE         00000000 
           _FAR_HEAP_SIZE          00000000 
           _XDATA_HEAP_SIZE        00000000 
           _XDATA_STACK_SIZE       00000000 
           _PDATA_STACK_SIZE       00000000 
           _EXTENDED_STACK_SIZE    00000180 
           _EXTENDED_STACK_END     000004FF 
           _EXTENDED_STACK_START   00000100 
           _IDATA_STACK_SIZE       00000000 
           _CODEBANK_END           00000000 
           _CODEBANK_START         00000000 
           _NR_OF_VIRTUAL_REGISTERS
                                   00000014 
           ?ESP                    0000009B        ?POP_BIT_ESP (?POP_BIT_ESP)
                                                   Segment part 6 (CSTARTUP)
           ?PBANK                  000000BF 
           ?PBANK_NUMBER           00000000 
           ?VB                     00000020        host_select_phy (device)
                                                   led_7p7s_disp_time (led_7p7s)
                                                   sd_active_safe (?device)
                                                   sd_stop (?sd)
                                                   set_sys_clk (clock)
                                                   spi_flash_init (user_spi)
                                                   task_flash_music_direct (task_flash)
                                                   usb_host_get_configuration_descriptor_2_fix (?ax2070_fix)
           _BREG_END               00000007 
           _BREG_START             00000000 
           _REGISTER_BANK_START    00000000 
           ?REGISTER_BANK          00000000        Segment part 6 (CSTARTUP)
           _NEAR_CODE_END          00007FFF 
           _OTP_CODE_END           00007FEF 
           _OTP_CODE_START         00004000 
           _XDATA_END              000007FF 
           _XDATA_START            00000500 
           _IXDATA_END             000007FF 
           _IXDATA_START           00000500 
           _PDATA_END              000000FF 
           _PDATA_START            000000B2 
           _IDATA_END              00000094 
           _IDATA_START            0000006D 
    *************************************************************************

  FILE NAME : R:\18BC073A_”ÓÃ©_AX1071_xxxxxxxx_20180627\app\lib_ax207x.r51
  LIBRARY MODULE, NAME : EXTERN_FUN_DEF

Absolute parts
           ENTRY                   ADDRESS         REF BY
           =====                   =======         ======
           adpcm_proc              00002747 
           adpcm_dec               0000290A 
           adpcm_fmt               00002AA4 
           adpcm_encode            00002ADD 
           wav_encode              0000F471 
           adpcm_out               0000299B 
           wav_peek                000023FB        Segment part 1 (OTP_VECTOR)
           tbl_anl_vol             00008178        dac_set_anlvol (?ax2070_fix)
           dac_set_sample          00009337        Segment part 1 (OTP_VECTOR)
           dac_reset               0000936F        music_init (?music)
           at_write_vol            00009376 
           dac_set_digvol          0000939F        Segment part 28 (?dac)
                                                   dac_set_volume_direct (dac)
           dac_ctl_init_m          000093AB        dac_ctl_init (?dac)
           dac_fade_auto_step_do   00002FB9 
           dac_fade_auto_step1     000093BA 
           dac_set_anlvol_m        000093D5 
           at_read                 000093F5        ?Subroutine6 (dac)
                                                   Segment part 0 (DAC_ASM)
                                                   dac_fade_auto (?dac)
                                                   dac_fade_out (?dac)
                                                   dac_fade_out_auto (?dac)
                                                   dac_power_on (dac)
           at_write                00009405        ?Subroutine0 (dac)
                                                   ?Subroutine4 (dac)
                                                   ?Subroutine5 (dac)
                                                   Segment part 0 (DAC_ASM)
                                                   Segment part 32 (?dac)
                                                   Segment part 55 (?music)
                                                   Segment part 57 (?music)
                                                   Segment part 58 (?music)
                                                   dac_power_on (dac)
           dac_set_eqgain          0000943B 
           copy_to_dacbuf          00009417 
           tbl_sample_rate         000089C3 
           qctl_init               0000E030        qctl_init_1 (MUSIC_ASM)
           qctl_calc_frame         0000E067 
           qctl_calc_offset        0000E0E6 
           decode_skip             0000E147 
               is not allocated
           decode_qskip            0000E14B 
           qctl_target_offset      0000E15C 
           qctl_calc_frames        0000E1C1 
           decoder_get_fileptr     0000D2E6        qctl_init_1 (MUSIC_ASM)
           fctl_init_func          0000D30F        fctl_init (?fat)
           save_clust              0000D340        Segment part 1 (OTP_VECTOR)
           load_clust_do           0000D430 
           load_clust              0000D5B0        Segment part 1 (OTP_VECTOR)
           decoder_get_err         0000D603        music_init (?music)
           music_calc_mtime        0000D608        music_update_time (MUSIC_ASM)
           sound_detect_do         00002F26 
           sound_ctl_init          0000FDD2        task_flash_music_enter (task_flash)
           sound_flag              0000FE20 
           sound_set_flag          0000FE26 
               is not allocated
           decoder_bfbyte_end      0000DC16 
           decoder_bset            0000DC34 
           decoder_bclr            0000DCFD 
           decoder_get_bitpos      0000DD2A 
           decoder_get_restbit_loaded
                                   0000DD6E 
           decoder_get_restbit     0000DDE7 
           decoder_benter          0000DE0C 
           decoder_bexit           0000DE1F 
           decoder_badd            0000DE2A 
           decoder_bfill           0000DE34        Segment part 1 (OTP_VECTOR)
           decoder_get_bits        0000DF00        Segment part 1 (OTP_VECTOR)
           decoder_get_bits_signed
                                   0000DF2D        Segment part 1 (OTP_VECTOR)
           decoder_bskip           0000DF5C        Segment part 1 (OTP_VECTOR)
           decoder_init            0000D653        Segment part 1 (OTP_VECTOR)
           decoder_wptr            0000D68E 
           decoder_wcnt            0000D6DC 
           decoder_set_fill_limit
                                   0000D71D 
               is not allocated
           decoder_get_fill_limit
                                   0000D720 
           decoder_fill            0000D723        Segment part 1 (OTP_VECTOR)
           decoder_getbyte         0000D7AC        Segment part 1 (OTP_VECTOR)
           decoder_getbytes        0000D7F0        Segment part 1 (OTP_VECTOR)
           decoder_skip            0000D8A0        Segment part 1 (OTP_VECTOR)
           decoder_getle16         0000D998 
           decoder_getle32         0000D9AF 
           decoder_peek            0000D9E3        is_other_file (user_music)
           decoder_seek_org        0000DA4F 
           decoder_stream_end      0000DA8F 
               is not allocated
           decoder_skip_peek       0000DA94 
           device_is_online        0000FE3C        i2c_sd_mux_enter (user_i2c)
                                                   i2c_sd_mux_exit (user_i2c)
                                                   my_mal_get_status (?ax2070_fix)
                                                   spi_sd_mux_exit (user_spi)
                                                   task_flash_music_event (task_flash)
                                                   usb_device_is_online (?device)
                                                   usb_host_is_online (?device)
           device_need_activate    0000FE4B        comm_event (task)
                                                   device_activate (device)
                                                   device_change_check (device)
           device_is_actived       0000FE5E        device_activate (device)
                                                   device_change_check (device)
                                                   system_init (user_init)
                                                   task_flash_music_enter (task_flash)
           device_activate_try     0000FE73        device_activate_do (device)
           device_insert_m         0000FE86 
           device_status_stable    0000FE88 
               is not allocated
           echo_proc               00002BA1 
           tbl_eq_db_m             00008013 
           eq_coeff_m              00008049        music_eq_init_m (?music)
           tbl_eq_db_coff          0000807F 
           dac_calc_eqgain         0000944D 
           dac_set_eq              000094D6        music_eq_setd_m (?music)
           dac_eq_fade_do          000094F2 
               is not allocated
           dac_eq_fade_m           00009558 
               is not allocated
           dac_eq_set_m            0000957A        music_eq_setd_m (?music)
           save_dir_path           000095BD 
               is not allocated
           load_dir_path           000095EA 
               is not allocated
           f_check_ext             000095FC 
               is not allocated
           load_dir_num_point      0000F492 
               is not allocated
           load_file_point         0000F4A0 
               is not allocated
           m_f_delete              0000F4AE 
               is not allocated
           m_f_mkdir               0000F4B9 
           file_point_init         0000379B 
               is not allocated
           restore_file_dir        00003839 
           load_file_point_p       000038EB 
           load_file_point_do      00003A07 
           load_dir_num_point_do   00003AE0 
           get_free_file_point     00003B53 
           save_file_point_p       00003CB9 
           save_file_point         00003D95 
               is not allocated
           save_file_point_tmp     00003DE6 
               is not allocated
           dir_point_init          00003DF9 
               is not allocated
           dir_point_used          00003DFF 
               is not allocated
           load_dir_point          00003E22 
               is not allocated
           save_dir_point          00003ED9 
               is not allocated
           f_attr_is_dir           0000C2BC 
               is not allocated
           f_attr_is_file          0000C2CE 
               is not allocated
           string_tolow            0000C2D9 
           get_ext_name            0000C30D 
               is not allocated
           nibble_tbl              00003F63 
           fm_get_diff             00003F73 
           i2c_sda_high_then_delay
                                   0000FEC0 
           i2c_sda_low_then_delay
                                   0000FEC6 
           i2c_scl_high_then_delay
                                   0000FECC 
           i2c_scl_low_then_delay
                                   0000FED2 
           i2c_send_ack            0000FED8 
           i2c_send_nack           0000FEE0 
           i2c_recv_ack            0000FEF8 
           i2c_stop                0000FF0F 
               is not allocated
           i2c_init                0000FF1B 
           i2c_start               0000FF27 
               is not allocated
           i2c_send_byte           0000FF30 
           i2c_read_byte           0000FF4B 
           i2c_read                0000FF72 
           i2c_write               0000FFA7 
           sec2time                000036AC 
           time2sec                0000373C 
           irtcdat_write_m         00008B2C 
           irtcdat_read_m          00008B30 
           irtc_write_4byte_m      0000363C 
           irtc_read_4byte_m       0000365A 
           irtc_read_cmd_m         00003678        irtc_read_cmd (WEAK_HOOK)
           irtc_write_cmd_m        00003685        irtc_write_cmd (WEAK_HOOK)
           irtc_write_date_m       00003694 
           irtc_read_date_m        0000369A 
           irtc_write_alarm_m      000036A0 
           irtc_read_alarm_m       000036A6 
           irtc_write_ram_m        00008B3C        irtc_write_ram (WEAK_HOOK)
           irtc_read_ram_m         00008B5F        irtc_read_ram (WEAK_HOOK)
           kedir_disable_top_tiny_resume_big
                                   0000F4CF 
           ir_key_get              0000F4D8 
           eoc_isr                 0000F4EA 
           normal_timer_isr        0000F540 
           kedir_timer_isr         0000F544 
           philips_ir_init_var     0000F590 
           Pllset                  00003937 
           timer1Init              00003952 
           timer2_init             00008B76        system_init (user_init)
           osc_delay               00008B99        Segment part 25 (?clock)
                                                   Segment part 31 (?clock)
                                                   soft_poweroff (task_poweroff)
           sys_pll_x32k            0000396F 
           powerup_handle          0000F5A2 
           maskrom_main            0000F5FA 
           mp3_id3v2_match         0000F29A 
           mp3_id3v2_tag_len       0000F2CA 
           mp3_layer1_rq           0000F308 
           mp3_decode              0000F309        msc_mp3_decode (?music)
           II_samples              0000336F 
           II_next_index           00003440 
           II_sample_to_mram       0000345D 
           voice_power             0000FDA2 
           tbl_aucon3_sf           00008A01 
           mp3_bset                0000E1F6 
           mp3_clr_mpram           0000E239 
           mp3_get_sfb             0000E254 
           mp3_aucon3_set          00003F14 
           mp3_aucon34_set         00003F3E 
           mp3_huff_start          00003C0E 
           mp3_huff_end            00003C7D 
           mp3_huff_dec_pre        00003C99 
           mp3_huff_dec_big        00003D31 
           mp3_huff_dec_small      00003E15 
           mp3_huff_dec_zero       00003EB2 
           mp3_huff_dec            00003EC3 
           mp3_requantize_1        000030F1 
           mp3_requantize_2        00003477 
           mp3_requantize          0000E268 
           mp3_stereo              0000E572        mp3_stereo_fix (?ax2070_fix)
           mp3_reorder             0000E68F 
           mp3_synth               0000E697 
           tbl_sample              00008A0A 
           mp3_sync_verify         0000E6DA        Segment part 1 (OTP_VECTOR)
           cal_slen_l              0000EDD8 
           mp3_decode_do           00008BD3 
           mp3_init                0000F19E        music_init (?music)
           decoder_init_for_mp3    0000F20D        Segment part 1 (OTP_VECTOR)
           mp3_id3v2_parse         0000F240        Segment part 1 (OTP_VECTOR)
           mp3_dec_return          00003FA5        Segment part 1 (OTP_VECTOR)
           mp3_synth_check         0000F273        mp3_isr (user_music)
           mp3_sta_check           00003FB7        mp3_dec_subin (?mp3)
           mp3_jump                0000F314        Segment part 1 (OTP_VECTOR)
           mp3_save_point_1        0000F354 
           mp3_save_point          0000F368        Segment part 1 (OTP_VECTOR)
           mp3_qskip               0000F36F        mp3_dec_subin (?mp3)
           mp3_q_jump              00008D96 
           mp3_qskip_start         0000F3ED 
           mp3_qskip_start_quick   0000F430        Segment part 1 (OTP_VECTOR)
           mp3_qskip_check_start   00008DC8 
           mp3_qskip_check         0000F445        mp3_dec_subin (?mp3)
           mp3_qskip_end           0000F45E 
               is not allocated
           msg_init                00008DE9        system_init (user_init)
           flush_msg               00008DF8 
           put_msg                 00008DFC        KEY_Whire (user_key)
                                                   key_scan (user_key)
           get_msg                 00008E24        task_flash_music (task_flash)
                                                   task_idle (task_idle)
                                                   task_poweroff (task_poweroff)
           dac_set_sample_hook     00004083 
           delay_hook              00004086        usb_device_is_online (?device)
           kedir_pause_hook        00004089 
           kedir_resume_hook       0000408C 
           my_uart_putchar_hook    0000408F 
           device_get_hook         00004092 
           decoder_init_hook       00004095 
           decoder_read_hook       00004098 
           decoder_seek_hook       0000409B 
           decoder_getbyte_hook    0000409E 
           decoder_getbytes_hook   000040A1 
           decoder_skip_hook       000040A4 
           decoder_fill_hook       000040A7 
               is not allocated
           decoder_get_bits_hook   000040AA 
           decoder_get_bits_signed_hook
                                   000040AD 
           decoder_bfill_hook      000040B0 
           decoder_bskip_hook      000040B3 
           decoder_readstart_hook
                                   000040B6 
           decoder_readstop_hook   000040B9 
           save_clust_hook         000040BC 
           load_clust_hook         000040BF 
           decoder_init_for_mp3_hook
                                   000040C2 
           mp3_dec_return_hook     000040C5 
           mp3_dec_subin_hook      000040C8 
           mp3_id3v2_parse_hook    000040CB 
           mp3_sync_verify_hook    000040CE 
           mp3_jump_hook           000040D1 
           mp3_save_point_hook     000040D4 
           mp3_qskip_start_hook    000040D7 
           decoder_init_for_wav_hook
                                   000040DA 
           wav_subin_hook          000040DD 
           wav_save_point_hook     000040E0 
           wav_jump_hook           000040E3 
               is not allocated
           wav_fill_check_hook     000040E6 
           wav_peek_hook           000040E9 
           adpcm_rewind_hook       000040EC 
               is not allocated
           adpcm_err_hook          000040EF 
           other_format_hook       000040F2 
           usb_host_is_online_hook
                                   000040F5 
           usb_host_bus_check_hook
                                   000040F8 
           usb_switch_stable_host_hook
                                   000040FB 
           usb_host_get_descriptor_hook
                                   000040FE 
           host_scsi_perform_hook
                                   00004101 
           usb_host_mass_getinfo_hook
                                   00004104 
           usb_host_get_actived_hook
                                   00004107 
           usb_host_set_actived_hook
                                   0000410A 
           usb_host_get_device_end_hook
                                   0000410D 
           usb_host_get_configuration_loop_hook
                                   00004110 
           usb_host_is_mass_hook   00004113 
           usb_host_ep0_enum_hook
                                   00004116 
           usb_host_get_device_descriptor_1_hook
                                   00004119 
           usb_host_get_configuration_descriptor_2_hook
                                   0000411C 
           usb_host_ep0_wait_hook
                                   0000411F 
           usb_host_bulk_wait_txrdy_hook
                                   00004122 
           usb_host_bulk_wait_rxrdy_hook
                                   00004125 
           usb_host_mass_init_hook
                                   00004128 
           usb_host_mass_enum_hook
                                   0000412B 
           sd_active_hook          0000412E        fs_sel_new (?fat)
                                                   sd_active_safe (?device)
           sd_read_a_hook          00004131 
           sd_write_a_hook         00004134 
           sd_stop_hook            00004137 
           sd_set_rate_hook        0000413A 
           sd_read_wait_hook       0000413D 
           sd_write_wait_hook      00004140 
           sd_port_init_hook       00004143 
           move_window_hook        00004146 
           get_cluster_hook        00004149 
           put_cluster_hook        0000414C 
           get_fattime_hook        0000414F 
           sync_hook               00004152 
           remove_chain_hook       00004155 
           create_chain_hook       00004158 
           get_free_clust_hook     0000415B 
           make_dirfile_hook       0000415E 
           trace_path_hook         00004161 
           reserve_direntry_hook   00004164 
           check_fs_hook           00004167 
           forward_chain_hook      0000416A 
           next_dir_entry_hook     0000416D 
           mkitem_exfat_hook       00004170 
           mkitem_fat_hook         00004173 
           m_f_clust_boundary_hook
                                   00004176 
           fs_first_win_tick_hook
                                   00004179 
           f_readdir_get_hook      0000417C 
           f_exfat_readdir_get_hook
                                   0000417F 
           f_move_window_hook      00004182 
           forward_chain_exfat_hook
                                   00004185 
           forward_chain_end_hook
                                   00004188 
           f_finddbr_end_hook      0000418B 
           i2c_sda_dirout_hook     0000418E 
           i2c_sda_dirin_hook      00004191 
           i2c_scl_dirout_hook     00004194 
           i2c_sda_high_hook       00004197 
           i2c_sda_low_hook        0000419A 
           i2c_scl_high_hook       0000419D 
           i2c_scl_low_hook        000041A0 
           i2c_sda_read_hook       000041A3 
           i2c_port_init_hook      000041A6 
           i2c_port_finish_hook    000041A9 
           i2c_delay_hook          000041AC 
           usb_device_is_online_hook
                                   000041AF 
           usb_switch_stable_device_hook
                                   000041B2 
           usb_device_reset_hook   000041B5 
           usb_ep0_process_hook    000041B8 
           usb_ep0_process_isr_hook
                                   000041BB 
           iso_out_process_hook    000041BE 
           iso_in_process_hook     000041C1 
           usb_class_request_hook
                                   000041C4 
           usb_get_descriptor_hook
                                   000041C7 
           usb_get_str_desc_hook   000041CA 
           usb_get_descriptor_end_hook
                                   000041CD 
           usb_spk_set_volume_hook
                                   000041D0 
           usb_spk_get_volume_hook
                                   000041D3 
           usb_spk_set_mute_hook   000041D6 
           usb_mic_disable_hook    000041D9 
           usb_mic_enable_hook     000041DC 
           usb_mic_set_volume_hook
                                   000041DF 
           usb_mic_get_volume_hook
                                   000041E2 
           usb_mic_set_mute_hook   000041E5 
           task_usbmic_process_hook
                                   000041E8 
           pcm_decode              0000252C 
           pcm_8bit_mono           0000254B 
           pcm_8bit_stereo         00002575 
           pcm_16bit_mono          00002596 
           pcm_16bit_stereo        000025BF 
           pcm_24bit_mono          000025DE 
           pcm_24bit_stereo        00002609 
           pcm_32bit_mono          00002633 
           pcm_32bit_stereo        00002660 
           my_printf               00008ED3        adc_get (user_key)
                                                   deal_msg (task)
                                                   device_activate_do (device)
                                                   irtc_poweron (user_init)
                                                   rtcram_poweron_check (mem_rtcram)
                                                   soft_poweroff_enter (task_poweroff)
                                                   soft_poweroff_init (task_poweroff)
                                                   spi_flash_init (user_spi)
                                                   system_init (user_init)
                                                   task_battery_check (user_key)
                                                   task_flash_music (task_flash)
                                                   task_flash_music_deal_msg (task_flash)
                                                   task_flash_music_direct (task_flash)
                                                   task_flash_music_enter (task_flash)
                                                   task_flash_music_event (task_flash)
                                                   task_flash_music_exit (task_flash)
                                                   task_idle (task_idle)
                                                   task_poweroff (task_poweroff)
                                                   task_poweroff_deal_msg (task_poweroff)
                                                   timer2_isr (main)
           printf_array            00009177 
           SdVarInit               0000FC5C 
           SdCheckType             0000FC6E 
           SdSetStatus             0000F935 
           sd_insert               000091E3        fs_sel_new (?fat)
                                                   my_mal_get_status (?ax2070_fix)
           sd_remove               000091F1        fs_sel_new (?fat)
                                                   my_mal_get_status (?ax2070_fix)
           sd_init                 0000F941 
           sd_active_do            0000F94D 
           sd_active               0000F9E3        sd_active_a (device)
           sd_read_kick            0000F9F9 
           sd_read_start           0000FA0B 
           sd_wait_do              0000FA6A 
           sd_read_wait            0000FA9C        Segment part 1 (OTP_VECTOR)
           sd_write_wait           0000FAAC        Segment part 1 (OTP_VECTOR)
           SdReadOpt               0000FABE 
           sd_read_a               0000FB24        Segment part 1 (OTP_VECTOR)
           sd_delay_s              0000FB9A 
           sd_stop_m               0000FBA2        sd_stop (?sd)
           sd_read                 0000FC06 
               is not allocated
           mmc_get_capacity        0000FCB6 
           sd_get_capacity         0000FCEF 
           SdWriteStart            0000F7D8 
           SdWriteKick             0000F817 
           SdWriteOpt              0000F82C 
           sd_write_a              0000F892        Segment part 1 (OTP_VECTOR)
           sd_write                0000F8DF 
               is indirectly called
           sd_is_actived           0000F75C 
           sd_get_csize            0000F778 
           sd_get_clen             0000F796 
           sd_send_cmd0            0000F6C9 
               is not allocated
           sd_send_cmd7            0000F70E 
           delay_5ms               000091FE        ?Subroutine2 (dac)
                                                   ?Subroutine9 (dac)
                                                   Segment part 35 (?music)
                                                   dac_power_on (dac)
                                                   soft_poweroff_init (task_poweroff)
                                                   system_init (user_init)
                                                   task_flash_music_enter (task_flash)
                                                   task_flash_music_exit (task_flash)
           rand_init_m             00009205 
           rand_m                  0000920E 
           para_test               0000F61B 
           my_memcpy               000081ED 
               is not allocated
           my_memset               0000821E        device_init (device)
                                                   key_init (user_key)
                                                   system_init (user_init)
                                                   task_flash_music_enter (task_flash)
           smemset_i               0000FD3D        led_7p7s_clear (led_7p7s)
                                                   led_7p7s_value_set (led_7p7s)
           smemcmp                 00008233 
           smemcmp_c               0000824C        is_other_file (user_music)
           memcpy_c                00008275 
           dummy_void              0000829C 
               is indirectly called
           dummy_u8                0000829C 
           swap_u32                0000829D 
           load_u32b               000082A4 
           load_u16b               000082B4 
           delay_m                 0000FD44        Segment part 29 (?clock)
                                                   delay_1ms (main)
                                                   system_init (user_init)
           clear_u32               0000FD55 
           clear_u32i              0000FD62 
           smemcpy                 0000FD6B 
           smemcpy_c               00009258 
           sound_detect            0000FE31        dac_fade_auto (?dac)
           dac_fade_auto_step      00009430        dac_fade_auto (?dac)
           fatstr                  00009644 
           move_window_do          00009B1E 
           get_cluster             00009BED        get_cluster_fix (?fat)
           clust2sect              0000A009 
               is not allocated
           put_cluster             0000A84D        Segment part 1 (OTP_VECTOR)
           get_fattime             0000AB82        Segment part 1 (OTP_VECTOR)
           sync                    0000AB8B        Segment part 1 (OTP_VECTOR)
           remove_chain            0000ABBD        Segment part 1 (OTP_VECTOR)
           search_free_clust       0000AD0C 
           get_free_clust          0000AEFB        Segment part 1 (OTP_VECTOR)
           create_chain            0000B002        Segment part 1 (OTP_VECTOR)
           make_dirfile            0000B11B        Segment part 1 (OTP_VECTOR)
           trace_path              0000B27D        Segment part 1 (OTP_VECTOR)
           reserve_direntry        0000B57E        Segment part 1 (OTP_VECTOR)
           check_fs                00009647        Segment part 1 (OTP_VECTOR)
           m_f_mount               000096ED 
               is not allocated
           m_f_open                0000B851 
           m_f_open_exist          0000A05C 
               is not allocated
           f_read                  0000A0AA        music_decoder_read (user_fat)
           forward_chain           0000BB1D        Segment part 1 (OTP_VECTOR)
           f_write                 0000BD85 
           m_f_sync                0000BEE7 
           f_close                 0000BF51 
           m_f_lseek               0000A207        decoder_seek (user_fat)
                                                   music_decoder_read (user_fat)
           m_f_rootdir             0000A2CB 
               is not allocated
           f_readdir_fat           0000A32D        f_readdir (AX2070_FIX_ASM)
           f_readdir_exfat         0000A41C 
           m_f_readdir             0000A5D5 
           m_f_opendir             0000A5E5 
               is not allocated
           next_dir_entry_do       0000A63B 
           m_f_delete_do           00003A58 
           mkitem_fat              0000BFDE        Segment part 1 (OTP_VECTOR)
           mkitem_exfat            0000C07A        Segment part 1 (OTP_VECTOR)
           m_f_mkdir_do            00002CB1 
           NameHash                0000C16F 
           EntrySetChecksum        0000C1BD 
           get_zero_fat32          0000C215 
           get_zero_fat16          0000C23C 
           get_zero_bitmap         0000C259 
           bitmap_zero_offset      00008003 
           m_f_clust_boundary      0000A713        Segment part 1 (OTP_VECTOR)
           m_f_max512              0000A734 
           m_f_u32_inc             0000A740 
           m_f_u32_add_u16         0000A754 
           m_f_u32_minus_u32       0000A766 
           m_f_u32_isnot_0         0000A784 
           m_f_getshift            0000A797 
           next_dir_entry          0000A7AC        Segment part 1 (OTP_VECTOR)
           fs_load_dword           0000A7C3 
           fs_load_sclust          0000A7D6 
           fs_get_windir           0000A7F6 
           f_move_window           0000A807        Segment part 1 (OTP_VECTOR)
           move_window             0000A833        Segment part 1 (OTP_VECTOR)
           uart_init_m             000092FE        uart_init (AX2070_FIX_ASM)
           uart_putc               00009314        ?Subroutine0 (main)
                                                   irtc_poweron (user_init)
                                                   soft_poweroff_init (task_poweroff)
                                                   timer2_isr (main)
           uart_recevc             0000931C 
           my_uart_putchar         00009327        Segment part 1 (OTP_VECTOR)
           UartRecevData           00003A11 
           write_usb_reg           0000C3BA 
               is not allocated
           read_usb_reg            0000C3D4 
           mad_cfg_desc            00002001 
           usb_ep0_init            000021CE 
           usb_ep0_reset           000021E4 
           usb_isr_mask_do         000028D2 
           usb_isr_mask            0000C392 
           spk_vol_tbl             000034C1 
           usb_audio_init          0000222C 
           usb_audio_reset         0000226A 
           usb_spk_set_volume_do   0000319A 
           usb_spk_get_volume      000031E2        Segment part 1 (OTP_VECTOR)
           usb_spk_set_mute        00003249        Segment part 1 (OTP_VECTOR)
           iso_out_process         0000324A        Segment part 1 (OTP_VECTOR)
           usb_mic_set_mute        000032BC        Segment part 1 (OTP_VECTOR)
           task_usbmic_process     000032BD 
           iso_in_sync             0000330A 
           iso_in_packet           00003366 
           iso_in_process          00003382        Segment part 1 (OTP_VECTOR)
           stall_ep0               00002315 
           ep0_null_pkt_in         0000231D 
           usb_get_descriptor      0000232A        Segment part 1 (OTP_VECTOR)
           usb_set_feature         000023D6 
           usb_clear_feature       00002443 
           usb_class_request       000024B9        Segment part 1 (OTP_VECTOR)
           ep0_out_process         000025DB 
           ep0_in_process          00002652 
           setup_process           000026DE 
           usb_ep0_process_isr     00002837 
           usb_ep0_process         000028AD        usb_device_is_online (?device)
           usb_hid_init_m          000022AC 
               is not allocated
           usb_hid_reset           000022BE 
           usb_hid_setvalid        0000345B 
               is not allocated
           usb_hid_delay_m         0000C3A0 
               is not allocated
           usb_hid_send_m          00003462 
               is not allocated
           mal_get_status_m        00002936 
           mal_write_start         00002966 
           mal_write_kick          0000927A 
           mal_write_wait          00002992 
           mal_read_start          000029A4 
           mal_read_next           000029C4 
           mal_read_wait           000029E0 
           usb_mass_delay          0000C3AD 
           usb_mass_init           000022DC 
           usb_mass_exit           00002307 
           usb_mass_reset          000029EB 
           usb_clr_bulk_out        00002A2E 
           usb_stall_bulk_in       00002A36 
           usb_stall_bulk_out      00002A55 
           usb_stall_bulk_all      00002A7B 
           usb_bulk_out            00002AB4 
           usb_bulk_in             00002B13 
           scsi_get_cbw            00002B8D 
           scsi_send_csw           00002C09 
           scsi_set_sense          00002C37 
           device_online_check     00002C65 
           scsi_invalid_request    00002C87 
           scsi_start_stop_unit    00002C97 
           scsi_prevent_allow_medium_removal
                                   00002CB9 
           scsi_hostin_send        00002CD7 
           scsi_request_sense      00002D2D 
           scsi_inquiry            00002D5C 
           scsi_mode_sense6        00002D6A 
           scsi_read_format_capacity
                                   00002D89 
           scsi_read_capacity      00002DCA 
           scsi_check_cbwlength    00002E1E 
           scsi_check_capacity     00002E55 
           scsi_read               00002E92 
           scsi_write              00002F77 
           scsi_request_hn         0000308B 
           scsi_request_hi         000030B2 
           scsi_request_ho         00003104 
           scsi_request            0000312D 
           usb_mass_process        0000317A 
           tbl_usb_device_descriptor
                                   000034C4 
           tbl_usb_config_all_descriptor_gen
                                   000034D6 
           tbl_usb_config_all_descriptor_mass
                                   000034DF 
           tbl_usb_config_all_descriptor_audio_ctrl_head
                                   000034F6 
           tbl_usb_config_all_descriptor_audio_ctrl_speaker
                                   00003509 
           tbl_usb_config_all_descriptor_audio_ctrl_mic
                                   00003528 
           tbl_usb_config_all_descriptor_speaker_stream
                                   00003546 
           tbl_usb_config_all_descriptor_mic_stream
                                   0000357A 
           tbl_usb_config_all_descriptor_hid
                                   000035AE 
           tbl_usb_hid_report_descriptor
                                   000035C7 
           tbl_usb_language_id     000035E8 
           tbl_usb_str_manufacturer
                                   000035EC 
           tbl_usb_str_product     000035FC 
           tbl_scsi_inquiry_data   00003618 
           usb_host_resume_m       0000C334        ?Subroutine2 (device)
           usb_host_suspend_m      0000C361        usb_host_suspend (device)
           usb_intr_dis            0000C370 
           usb_host_init           0000C87D 
           usb_host_bus_check      0000C3EE        usb_host_bus_check_fix (AX2070_FIX_ASM)
           usb_host_ep0_wait       0000C40C        Segment part 1 (OTP_VECTOR)
           usb_host_ep0_setup      0000C46E 
           usb_host_ep0_tx         0000C48D 
           usb_host_ep0_rx         0000C4AC 
           usb_host_ep0_request    0000C4E9 
           usb_host_reset          0000C51D 
           usb_host_clr_feature    0000C559 
           usb_host_get_descriptor
                                   0000C595        Segment part 1 (OTP_VECTOR)
           usb_host_get_descriptor_end
                                   0000C5D1 
           usb_host_ep0buf_skip    0000C5F3 
           usb_host_get_info       0000C621 
           usb_host_set_address    0000C655 
           usb_host_set_configuration
                                   0000C677 
           usb_host_class_get_lun
                                   0000C694 
           usb_host_get_device_descriptor_1
                                   0000C6BC        Segment part 1 (OTP_VECTOR)
           usb_host_get_device_descriptor_2
                                   0000C6EC 
           usb_host_get_configuration_descriptor_1
                                   0000C703 
           usb_host_get_configuration_descriptor_2
                                   0000C726        usb_host_get_configuration_descriptor_2_fix (?ax2070_fix)
           usb_host_is_mass        0000C805        Segment part 1 (OTP_VECTOR)
           usb_host_ep0_enum       0000C817        Segment part 1 (OTP_VECTOR)
           usb_host_enum           0000C8DA        device_activate_udisk_do (?device)
           host_sense_code         00008AB4 
           usb_host_mass_init      0000CAA8        Segment part 1 (OTP_VECTOR)
           usb_host_bulk_wait_txrdy
                                   0000CB07        Segment part 1 (OTP_VECTOR)
           usb_host_bulk_tx        0000CB8F 
           usb_host_bulk_wait_rxrdy
                                   0000CBC2        Segment part 1 (OTP_VECTOR)
           usb_host_bulk_rx        0000CC3A 
           host_cbw_set            0000CC85 
           host_cbw_send           0000CCCA 
           host_scsi_rx            0000CCED 
           host_scsi_read          0000CD91 
           host_scsi_write         0000CDBD 
           host_csw_get            0000CE25 
           host_get_sense          0000CE75 
           host_sense_retry        0000CEB4 
           host_scsi_perform_do    0000CECB 
           m_host_scsi_perform     0000CFCD        host_scsi_perform (?ax2070_fix)
           host_scsi               0000CFEB 
               is not allocated
           usb_host_is_no_medium   0000D024 
           usb_host_set_no_medium
                                   0000C864 
           usb_host_set_fail       0000C872 
               is not allocated
           usb_host_mass_getinfo   0000C911        Segment part 1 (OTP_VECTOR)
               is not allocated
           usb_host_test_ready     0000C96C 
               is not allocated
           usb_host_mass_enum      0000C98D        my_usb_host_mass_enum (?usb)
           usb_host_mass_enum_try
                                   0000D03D 
           usb_host_mass_read_end
                                   0000D071        Segment part 34 (?music)
                                                   host_select_phy (device)
           usb_host_mass_read_sector
                                   0000D0AD 
               is not allocated
           usb_host_mass_read_do   0000D1B9 
               is not allocated
           usb_host_mass_read      0000CA18 
               is not allocated
           usb_host_mass_write_sector
                                   0000D20D 
           usb_host_mass_write_do
                                   0000D291 
           usb_host_mass_write     0000CA6B 
               is indirectly called
           usb_host_read_only      0000CA9A 
               is not allocated
           wavs                    000003D2 
           index_tbl               0000268D 
           step_tbl                00002695 
           tbl_wav_head            00008AF8 
           adpcm_err               000029DD        Segment part 1 (OTP_VECTOR)
           adpcm_decode            000029E2 
           adpcm_rewind            00002A90        Segment part 1 (OTP_VECTOR)
           pcm_decode_do           0000239A 
           wav_decode_do           000023D4 
           wav_get_sample_index    00002001 
           wav_getinfo             0000202F 
           wav_header_parse        0000209C 
           decoder_init_for_wav    00002163        Segment part 1 (OTP_VECTOR)
           wav_init_do             0000217C 
           wav_decode              0000F47C 
               is not allocated
           wav_init                0000F487        music_init (?music)
           ff_asf_header           00008AE8 
           wav_save_point_1        00002447 
           wav_save_point          0000245B        Segment part 1 (OTP_VECTOR)
           wav_calc_frame          0000929D 
           wav_jump                00002462        Segment part 1 (OTP_VECTOR)
           wav_subin               0000249A        Segment part 1 (OTP_VECTOR)
           wav_fill_check          000024F4        Segment part 1 (OTP_VECTOR)
           is_wma_file             00002503        is_other_file (user_music)
  SEGMENTS IN THE MODULE
  ======================
M_CONSTANT
  Relative segment, address: CODE 00C00000 - 00C089FC (0x89fd bytes), align: 0
  Segment part 0.             Intra module refs:   get_Flash_TotalFiles (task_flash)
                                                   music_init (?music)
                                                   spi_flash_init (user_spi)
                                                   spi_mp3_index_read_program (?spi_api)
                                                   spi_mp3flash_read (?spi_api)
                                                   spi_mp3flash_seek (?spi_api)
                                                   spi_readID (user_spi)
                                                   task_flash_music_event (task_flash)
                                                   task_music_break_save (task_music)
                                                   task_music_cal_time (task_music)
           ENTRY                   ADDRESS         REF BY
           =====                   =======         ======
           __Constant_0            00C089DD 
           __Constant_a            00C089E9 
           __Constant_3c           00C089FD 

    -------------------------------------------------------------------------
  LIBRARY MODULE, NAME : ?ax2070_fix

  SEGMENTS IN THE MODULE
  ======================
SFR_AN
  Relative segment, address: DATA 000000A9 - 000000A9 (0x1 bytes), align: 0
  Segment part 1. ROOT.
           ENTRY                   ADDRESS         REF BY
           =====                   =======         ======
           IE1                     000000A9 
    -------------------------------------------------------------------------
SFR_AN
  Relative segment, address: DATA 000000AA - 000000AA (0x1 bytes), align: 0
  Segment part 2. ROOT.
           ENTRY                   ADDRESS         REF BY
           =====                   =======         ======
           IUCON                   000000AA 
    -------------------------------------------------------------------------
XDATA_N
  Relative segment, address: XDATA 00000280 - 00000283 (0x4 bytes), align: 0
  Segment part 11.            Intra module refs:   mp3_stereo_fix
                                                   usb_host_get_configuration_descriptor_2_fix
           ENTRY                   ADDRESS         REF BY
           =====                   =======         ======
           isd_isr                 00000280        __isd_isr (AX2070_FIX_ASM)
                                                   isdset_fix (AX2070_FIX_ASM)
    -------------------------------------------------------------------------
CODE_C
  Relative segment, address: CODE 00004776 - 00004789 (0x14 bytes), align: 0
  Segment part 12.
           ENTRY                   ADDRESS         REF BY
           =====                   =======         ======
           bug_list                00004776        isdset_fix (AX2070_FIX_ASM)
    -------------------------------------------------------------------------
USB_FIX
  Relative segment, address: CODE 000049E6 - 000049EF (0xa bytes), align: 0
  Segment part 15.
           ENTRY                   ADDRESS         REF BY
           =====                   =======         ======
           host_scsi_perform       000049E6        Segment part 1 (OTP_VECTOR)
               calls direct
    -------------------------------------------------------------------------
BIT_N
  Relative segment, address: BIT 00000026.0 - 00000026.0 (0x1 bits), align: 0
  Segment part 13. ROOT.
           ENTRY                   ADDRESS         REF BY
           =====                   =======         ======
           usbbulk_less_flag       00000026.0      usb_host_isdfix (AX2070_FIX_ASM)
    -------------------------------------------------------------------------
PDATA_AN
  Relative segment, address: XDATA 00000000 - 0000000C (0xd bytes), align: 0
  Segment part 3. ROOT.
           ENTRY                   ADDRESS         REF BY
           =====                   =======         ======
           sd_ctl                  00000000 
    -------------------------------------------------------------------------
NEAR_CODE
  Relative segment, address: CODE 000043DA - 00004417 (0x3e bytes), align: 0
  Segment part 26.
           ENTRY                   ADDRESS         REF BY
           =====                   =======         ======
           my_mal_get_status       000043DA        mal_get_status_fix (AX2070_FIX_ASM)
               calls direct
               stack 1 = 00000000 ( 00000001 )
    -------------------------------------------------------------------------
XDATA_AN
  Relative segment, address: XDATA 000003A1 - 000003A1 (0x1 bytes), align: 0
  Segment part 4. ROOT.
           ENTRY                   ADDRESS         REF BY
           =====                   =======         ======
           usb_hid_ctl_delay       000003A1        usb_device_is_online (?device)
    -------------------------------------------------------------------------
XDATA_AN
  Relative segment, address: XDATA 0000039D - 000003A0 (0x4 bytes), align: 0
  Segment part 5. ROOT.
           ENTRY                   ADDRESS         REF BY
           =====                   =======         ======
           rand_seed               0000039D 
    -------------------------------------------------------------------------
DAC_SEG
  Relative segment, address: CODE 00005015 - 00005034 (0x20 bytes), align: 0
  Segment part 38.
           ENTRY                   ADDRESS         REF BY
           =====                   =======         ======
           dac_set_anlvol          00005015        dac_fade_auto (?dac)
                                                   dac_set_volume_direct (dac)
               stack 1 = 00000000 ( 00000002 )
    -------------------------------------------------------------------------
NEAR_CODE
  Relative segment, address: CODE 00004418 - 00004426 (0xf bytes), align: 0
  Segment part 31.
           ENTRY                   ADDRESS         REF BY
           =====                   =======         ======
           libvar_init             00004418        system_init (user_init)
               calls direct
    -------------------------------------------------------------------------
NEAR_CODE
  Relative segment, address: CODE 00004427 - 0000442B (0x5 bytes), align: 0
  Segment part 32.            Intra module refs:   libvar_init
                                                   my_usb_switch_stable_host
    -------------------------------------------------------------------------
NEAR_CODE
  Relative segment, address: CODE 0000442C - 00004433 (0x8 bytes), align: 0
  Segment part 33.
           ENTRY                   ADDRESS         REF BY
           =====                   =======         ======
           delay_nop               0000442C        ?Subroutine0 (user_i2c)
    -------------------------------------------------------------------------
NEAR_CODE
  Relative segment, address: CODE 00004434 - 00004460 (0x2d bytes), align: 0
  Segment part 34.
           ENTRY                   ADDRESS         REF BY
           =====                   =======         ======
           usb_host_get_configuration_descriptor_2_fix
                                   00004434        Segment part 1 (OTP_VECTOR)
               calls direct
               stack 1 = 00000000 ( 00000005 )
    -------------------------------------------------------------------------
NEAR_CODE
  Relative segment, address: CODE 00004461 - 00004467 (0x7 bytes), align: 0
  Segment part 35.
           ENTRY                   ADDRESS         REF BY
           =====                   =======         ======
           my_usb_switch_stable_host
                                   00004461        Segment part 1 (OTP_VECTOR)
               calls direct
    -------------------------------------------------------------------------
MUSIC_SEG
  Relative segment, address: CODE 000052A5 - 000052BD (0x19 bytes), align: 0
  Segment part 37.
           ENTRY                   ADDRESS         REF BY
           =====                   =======         ======
           mp3_stereo_fix          000052A5        mp3_dec_subin (?mp3)
               calls direct
               stack 1 = 00000000 ( 00000001 )

    -------------------------------------------------------------------------
  LIBRARY MODULE, NAME : AX2070_FIX_ASM

  SEGMENTS IN THE MODULE
  ======================
NEAR_CODE
  Relative segment, address: CODE 00004468 - 0000446E (0x7 bytes), align: 0
  Segment part 0.
           ENTRY                   ADDRESS         REF BY
           =====                   =======         ======
           uart_init               00004468        system_init (user_init)
    -------------------------------------------------------------------------
NEAR_CODE
  Relative segment, address: CODE 0000446F - 00004476 (0x8 bytes), align: 0
  Segment part 1. ROOT.
           ENTRY                   ADDRESS         REF BY
           =====                   =======         ======
           __isd_isr               0000446F        Absolute parts (OTP_VECTOR)
    -------------------------------------------------------------------------
NEAR_CODE
  Relative segment, address: CODE 00004477 - 000044C5 (0x4f bytes), align: 0
  Segment part 2. ROOT.
           ENTRY                   ADDRESS         REF BY
           =====                   =======         ======
           isdset_fix              00004477        libvar_init (?ax2070_fix)
                                                   mp3_stereo_fix (?ax2070_fix)
                                                   usb_host_get_configuration_descriptor_2_fix (?ax2070_fix)
    -------------------------------------------------------------------------
NEAR_CODE
  Relative segment, address: CODE 000044C6 - 000044D8 (0x13 bytes), align: 0
  Segment part 3.
           ENTRY                   ADDRESS         REF BY
           =====                   =======         ======
           usb_host_bus_check_fix
                                   000044C6        Segment part 1 (OTP_VECTOR)
    -------------------------------------------------------------------------
USB_FIX_ASM
  Relative segment, address: CODE 000049F0 - 00004A02 (0x13 bytes), align: 0
  Segment part 4. ROOT.
           ENTRY                   ADDRESS         REF BY
           =====                   =======         ======
           usb_host_isdfix         000049F0        bug_list (?ax2070_fix)
               is indirectly called
    -------------------------------------------------------------------------
USB_FIX_ASM
  Relative segment, address: CODE 00004A03 - 00004A28 (0x26 bytes), align: 0
  Segment part 5. ROOT.
           ENTRY                   ADDRESS         REF BY
           =====                   =======         ======
           usb_dev_isdfix          00004A03        bug_list (?ax2070_fix)
               is indirectly called
    -------------------------------------------------------------------------
USB_FIX_ASM
  Relative segment, address: CODE 00004A29 - 00004A3B (0x13 bytes), align: 0
  Segment part 6. ROOT.
           ENTRY                   ADDRESS         REF BY
           =====                   =======         ======
           mal_get_status_fix      00004A29        bug_list (?ax2070_fix)
               is indirectly called
    -------------------------------------------------------------------------
USB_FIX_ASM
  Relative segment, address: CODE 00004A3C - 00004A42 (0x7 bytes), align: 0
  Segment part 7. ROOT.
           ENTRY                   ADDRESS         REF BY
           =====                   =======         ======
           usb_host_skip_isdfix    00004A3C        bug_list (?ax2070_fix)
               is indirectly called
    -------------------------------------------------------------------------
USB_FIX_ASM
  Relative segment, address: CODE 00004A43 - 00004A54 (0x12 bytes), align: 0
  Segment part 8. ROOT.
           ENTRY                   ADDRESS         REF BY
           =====                   =======         ======
           mp3_stereo_isdfix       00004A43        bug_list (?ax2070_fix)
               is indirectly called
    -------------------------------------------------------------------------
NEAR_CODE
  Relative segment, address: CODE 000044D9 - 000044F3 (0x1b bytes), align: 0
  Segment part 9. ROOT.
           ENTRY                   ADDRESS         REF BY
           =====                   =======         ======
           f_readdir               000044D9 
               is not allocated

    -------------------------------------------------------------------------
  LIBRARY MODULE, NAME : ?clock

  SEGMENTS IN THE MODULE
  ======================
SFR_AN
  Relative segment, address: DATA 000000E1 - 000000E1 (0x1 bytes), align: 0
  Segment part 6. ROOT.
           ENTRY                   ADDRESS         REF BY
           =====                   =======         ======
           TMR1CON0                000000E1 
    -------------------------------------------------------------------------
SFR_AN
  Relative segment, address: DATA 000000F8 - 000000F8 (0x1 bytes), align: 0
  Segment part 8. ROOT.
           ENTRY                   ADDRESS         REF BY
           =====                   =======         ======
           TMR0CON                 000000F8 
    -------------------------------------------------------------------------
CLK_SEG
  Relative segment, address: CODE 00004287 - 000042AB (0x25 bytes), align: 0
  Segment part 25.            Intra module refs:   pll_clk_rc10m_sram
    -------------------------------------------------------------------------
CLK_SEG
  Relative segment, address: CODE 000042AC - 000042B6 (0xb bytes), align: 0
  Segment part 26.            Intra module refs:   Segment part 25
    -------------------------------------------------------------------------
CLK_SEG
  Relative segment, address: CODE 000042B7 - 000042BD (0x7 bytes), align: 0
  Segment part 27.            Intra module refs:   Segment part 25
    -------------------------------------------------------------------------
CLK_SEG
  Relative segment, address: CODE 000042BE - 000042E6 (0x29 bytes), align: 0
  Segment part 28.
           ENTRY                   ADDRESS         REF BY
           =====                   =======         ======
           pll_clk_rc10m_sram      000042BE        sysclk_set (clock)
               calls direct
               stack 1 = 00000000 ( 00000003 )
    -------------------------------------------------------------------------
CLK_SEG
  Relative segment, address: CODE 000042E7 - 000042FF (0x19 bytes), align: 0
  Segment part 29.            Intra module refs:   pll_clk_rc10m_sram
    -------------------------------------------------------------------------
CLK_SEG
  Relative segment, address: CODE 00004300 - 00004330 (0x31 bytes), align: 0
  Segment part 30.
           ENTRY                   ADDRESS         REF BY
           =====                   =======         ======
           sys_clk_pll             00004300        set_sys_clk (clock)
                                                   sysclk_set (clock)
               calls direct
               stack 1 = 00000000 ( 00000001 )
    -------------------------------------------------------------------------
CLK_SEG
  Relative segment, address: CODE 00004331 - 0000433C (0xc bytes), align: 0
  Segment part 31.            Intra module refs:   Segment part 27
                                                   sys_clk_pll

    -------------------------------------------------------------------------
  LIBRARY MODULE, NAME : ?cmain

  SEGMENTS IN THE MODULE
  ======================
CSTART
  Relative segment, address: CODE 000041EB, align: 0
  Segment part 0.
           ENTRY                   ADDRESS         REF BY
           =====                   =======         ======
           ?cmain                  000041EB        Segment part 11 (CSTARTUP)
    -------------------------------------------------------------------------
CSTART
  Relative segment, address: CODE 000041EB - 000041F3 (0x9 bytes), align: 0
  Segment part 1.
           ENTRY                   ADDRESS         REF BY
           =====                   =======         ======
           __low_level_init_call   000041EB        __low_level_init (?low_level_init)
    -------------------------------------------------------------------------
CSTART
  Relative segment, address: CODE 000041F4 - 00004201 (0xe bytes), align: 0
  Segment part 5.
           ENTRY                   ADDRESS         REF BY
           =====                   =======         ======
           __INIT_DATA_Z           000041F4        timer2_isr::counter_1min (main)
                                                   timer2_isr::counter_1ms (main)
                                                   timer2_isr::counter_1s (main)
                                                   timer2_isr::counter_5ms (main)
                                                   timer2_isr::counter_half_half_ms (main)
                                                   timer2_isr::counter_half_ms (main)
    -------------------------------------------------------------------------
CSTART
  Relative segment, address: CODE 00004202 - 0000420F (0xe bytes), align: 0
  Segment part 7. ROOT.
           ENTRY                   ADDRESS         REF BY
           =====                   =======         ======
           __INIT_IDATA_Z          00004202 
    -------------------------------------------------------------------------
CSTART
  Relative segment, address: CODE 00004210 - 0000421F (0x10 bytes), align: 0
  Segment part 11.
           ENTRY                   ADDRESS         REF BY
           =====                   =======         ======
           __INIT_XDATA_Z          00004210        KEY_Whire::Key21 (user_key)
                                                   KEY_Whire::Key3 (user_key)
                                                   SW1_WHIRL_cnt (user_key)
                                                   SW2_WHIRL_cnt (user_key)
                                                   SW3_WHIRL_cnt (user_key)
                                                   Timer1_flag (task)
                                                   Timer_flag (task)
                                                   count_1min (main)
                                                   count_led_off (task_idle)
                                                   dev_ctl (device)
                                                   device_chg (task)
[...]
               calls direct
               stack 1 = 00000010 ( 00000000 )
    -------------------------------------------------------------------------
USER_SPI_SEG
  Relative segment, address: CODE 00006377 - 0000637A (0x4 bytes), align: 0
  Segment part 33.
           ENTRY                   ADDRESS         REF BY
           =====                   =======         ======
           spi_write_byte          00006377        ?Subroutine1 (spi)
                                                   spi_read_ssr (spi)
                                                   spi_send_addr_2 (spi)
               calls direct
    -------------------------------------------------------------------------
USER_SPI_SEG
  Relative segment, address: CODE 0000637B - 00006388 (0xe bytes), align: 0
  Segment part 41.            Intra module refs:   spi_read
           LOCAL                   ADDRESS         
           =====                   =======         
           ?Subroutine3            0000637B 
    -------------------------------------------------------------------------
USER_SPI_SEG
  Relative segment, address: CODE 00006389 - 000063A8 (0x20 bytes), align: 0
  Segment part 42.
           ENTRY                   ADDRESS         REF BY
           =====                   =======         ======
           spi_read                00006389        get_Flash_TotalFiles (task_flash)
                                                   spi_mp3flash_read (?spi_api)
                                                   spi_read32 (spi)
               calls direct
               stack 1 = 00000004 ( 00000008 )
    -------------------------------------------------------------------------
USER_SPI_SEG
  Relative segment, address: CODE 000063A9 - 0000643B (0x93 bytes), align: 0
  Segment part 43.            Intra module refs:   spi_flash_init
           ENTRY                   ADDRESS         REF BY
           =====                   =======         ======
           spi_readID              000063A9 
               calls direct
               stack 1 = 00000007 ( 00000011 )
    -------------------------------------------------------------------------
USER_SPI_SEG
  Relative segment, address: CODE 0000643C - 000064A5 (0x6a bytes), align: 0
  Segment part 44.
           ENTRY                   ADDRESS         REF BY
           =====                   =======         ======
           spi_flash_init          0000643C        system_init (user_init)
                                                   task_flash_music_enter (task_flash)
               calls direct
               stack 1 = 00000000 ( 00000007 )
    -------------------------------------------------------------------------
USER_SPI_SEG
  Relative segment, address: CODE 000064A6 - 000064A9 (0x4 bytes), align: 0
  Segment part 50.
           ENTRY                   ADDRESS         REF BY
           =====                   =======         ======
           spi_mp3_index_read      000064A6        task_flash_music_init (task_flash)
               calls direct
    -------------------------------------------------------------------------
CODE_C
  Relative segment, address: CODE 00004944 - 0000494A (0x7 bytes), align: 0
  Segment part 11.            Intra module refs:   spi_flash_init
    -------------------------------------------------------------------------
CODE_C
  Relative segment, address: CODE 0000494B - 0000494E (0x4 bytes), align: 0
  Segment part 18.            Intra module refs:   spi_flash_init
           ENTRY                   ADDRESS         REF BY
           =====                   =======         ======
           __Constant_ffffffff     0000494B 
    -------------------------------------------------------------------------
CODE_C
  Relative segment, address: CODE 0000494F - 00004952 (0x4 bytes), align: 0
  Segment part 19.            Intra module refs:   spi_flash_init
           ENTRY                   ADDRESS         REF BY
           =====                   =======         ======
           __Constant_ffffff       0000494F 
    -------------------------------------------------------------------------
CODE_C
  Relative segment, address: CODE 00004953 - 00004956 (0x4 bytes), align: 0
  Segment part 23.            Intra module refs:   get_cluster_fix (?fat)
           ENTRY                   ADDRESS         REF BY
           =====                   =======         ======
           __Constant_1            00004953 

    *************************************************************************

  FILE NAME : R:\18BC073A_”ÓÃ©_AX1071_xxxxxxxx_20180627\app\DebugBC\Obj\user_usb.r51
  PROGRAM MODULE, NAME : user_usb

  SEGMENTS IN THE MODULE
  ======================
SFR_AN
  Relative segment, address: DATA 000000DC - 000000DC (0x1 bytes), align: 0
  Segment part 1. ROOT.
           ENTRY                   ADDRESS         REF BY
           =====                   =======         ======
           USBCON1                 000000DC 
    -------------------------------------------------------------------------
USB_SEG
  Relative segment, address: CODE 00005F75 - 00005F7D (0x9 bytes), align: 0
  Segment part 7.
           ENTRY                   ADDRESS         REF BY
           =====                   =======         ======
           usb_switch_stable_device
                                   00005F75        Segment part 1 (OTP_VECTOR)
               calls direct
    -------------------------------------------------------------------------
USB_SEG
  Relative segment, address: CODE 00005F7E - 00005F86 (0x9 bytes), align: 0
  Segment part 8.
           ENTRY                   ADDRESS         REF BY
           =====                   =======         ======
           usb_switch_stable_host
                                   00005F7E        my_usb_switch_stable_host (?ax2070_fix)
               calls direct

    *************************************************************************

  FILE NAME : R:\18BC073A_”ÓÃ©_AX1071_xxxxxxxx_20180627\app\DebugBC\Obj\user_usbdev.r51
    *************************************************************************

  FILE NAME : R:\18BC073A_”ÓÃ©_AX1071_xxxxxxxx_20180627\app\cl-ple-nlec-1e16x01.r51
  LIBRARY MODULE, NAME : ?MOVE_LONG8_XDATA_CODE

  SEGMENTS IN THE MODULE
  ======================
RCODE
  Relative segment, address: CODE 0000495B - 0000497C (0x22 bytes), align: 0
  Segment part 0. ROOT.
           ENTRY                   ADDRESS         REF BY
           =====                   =======         ======
           ?MOVE_LONG8_XDATA_CODE
                                   0000495B 
           LOCAL                   ADDRESS         
           =====                   =======         
           move_byte               0000495E 

    -------------------------------------------------------------------------
  PROGRAM MODULE, NAME : ?DEC_DPTR_3

Absolute parts
           LOCAL                   ADDRESS         
           =====                   =======         
           __DPTR_SEPARATE__       00000000 
    -------------------------------------------------------------------------
  LIBRARY MODULE, NAME : ?POP_BIT_ESP

  SEGMENTS IN THE MODULE
  ======================
RCODE
  Relative segment, address: CODE 0000497D - 000049E5 (0x69 bytes), align: 0
  Segment part 1. ROOT.
           ENTRY                   ADDRESS         REF BY
           =====                   =======         ======
           ?POP_BIT_ESP            0000497D 

    -------------------------------------------------------------------------
  LIBRARY MODULE, NAME : ?low_level_init

  SEGMENTS IN THE MODULE
  ======================
CSTART
  Relative segment, address: CODE 00004284 - 00004286 (0x3 bytes), align: 0
  Segment part 6. ROOT.
           ENTRY                   ADDRESS         REF BY
           =====                   =======         ======
           __low_level_init        00004284        __low_level_init_call (?cmain)

    *************************************************************************

  DEFINED ABSOLUTE ENTRIES
  PROGRAM MODULE, NAME : ?FILLER_BYTES

  SEGMENTS IN THE MODULE
  ======================
INTVEC
  Common segment, address: CODE 00004000 - 00004025 (0x26 bytes), align: 0
  Segment part 3.
    -------------------------------------------------------------------------
?FILL3
  Relative segment, address: CODE 0000729E - 00007FEC (0xd4f bytes), align: 0
  Segment part 2.
    -------------------------------------------------------------------------
?FILL2
  Relative segment, address: CODE 0000407E - 0000407F (0x2 bytes), align: 0
  Segment part 1.
    -------------------------------------------------------------------------
?FILL1
  Relative segment, address: CODE 00004063 - 0000407A (0x18 bytes), align: 0
  Segment part 0.




                ****************************************
                *                                      *
                *      SEGMENTS IN ADDRESS ORDER       *
                *                                      *
                ****************************************


SEGMENT              SPACE    START ADDRESS   END ADDRESS     SIZE  TYPE  ALIGN
=======              =====    =============   ===========     ====  ====  =====
INTVEC               CODE          00004000 - 00004025          26   com    0
DAC_ASM              CODE          00004026 - 00004062          3D   rel    0
?FILL1               CODE          00004063 - 0000407A          18   rel    0
?FILL2               CODE          0000407E - 0000407F           2   rel    0
OTP_RESET            CODE          00004080 - 00004082           3   rel    0
OTP_VECTOR           CODE          00004083 - 000041EA         168   rel    0
CSTART               CODE          000041EB - 00004286          9C   rel    0
CLK_SEG              CODE          00004287 - 0000435E          D8   rel    0
I2C_CB_SEG           CODE          0000435F - 000043D9          7B   rel    0
AUADC_SEG            CODE               000043DA                     dse    0
AMUX_SEG             CODE               000043DA                     dse    0
NEAR_CODE            CODE          000043DA - 00004775         39C   rel    0
CODE_C               CODE          00004776 - 00004956         1E1   rel    0
IDATA_ID             CODE               00004957                     dse    0
IXDATA_ID            CODE               00004957                     dse    0
DATA_ID              CODE               00004957                     dse    0
BIT_ID               CODE               00004957                     dse    0
PDATA_ID             CODE               00004957                     dse    0
BDATA_ID             CODE               00004957                     dse    0
XDATA_ID             CODE          00004957 - 0000495A           4   rel    0
RCODE                CODE          0000495B - 000049E5          8B   rel    0
USB_FIX              CODE          000049E6 - 000049EF           A   rel    0
USB_FIX_ASM          CODE          000049F0 - 00004A54          65   rel    0
SYS_DELAY            CODE          00004A55 - 00004A74          20   rel    0
SYS_INIT             CODE          00004A75 - 00004C34         1C0   rel    0
INTERRUPT            CODE          00004C35 - 00004E55         221   rel    0
SET_SYS_CLK_SEG      CODE          00004E56 - 00004ED0          7B   rel    0
DAC_INIT             CODE          00004ED1 - 00005014         144   rel    0
DAC_INIT_CONST       CODE               00005015                     dse    0
DAC_SEG              CODE          00005015 - 000052A4         290   rel    0
MUSIC_SEG            CODE          000052A5 - 00005655         3B1   rel    0
RTC_TBL              CODE               00005656                     dse    0
RTC_INIT             CODE          00005656 - 0000567B          26   rel    0
KEY_INIT             CODE          0000567C - 00005707          8C   rel    0
SCAN_COM             CODE          00005708 - 0000584D         146   rel    0
LED_7P7S_INIT        CODE          0000584E - 000058C1          74   rel    0
LED_7P7S_SEG         CODE          000058C2 - 00005B1A         259   rel    0
LED_DISP_TBL         CODE          00005B1B - 00005B3E          24   rel    0
LED_DISP_SEG         CODE          00005B3F - 00005BD6          98   rel    0
DEVICE_INIT          CODE          00005BD7 - 00005C0A          34   rel    0
DEVICE_COM_SEG       CODE          00005C0B - 00005C2A          20   rel    0
DEVICE_SEG           CODE          00005C2B - 00005D77         14D   rel    0
DEV_ASM              CODE          00005D78 - 00005DA0          29   rel    0
SD_SEG               CODE          00005DA1 - 00005DED          4D   rel    0
USB_SEG              CODE          00005DEE - 00005F86         199   rel    0
FAT_COM_SEG          CODE          00005F87 - 00005FEF          69   rel    0
FAT_SEG              CODE               00005FF0                     dse    0
FS_INIT_SEG          CODE               00005FF0                     dse    0
FAT_API_SEG          CODE          00005FF0 - 00005FFF          10   rel    0
SPI_SEG              CODE          00006000 - 000061DC         1DD   rel    0
SPI_API_SEG          CODE               000061DD                     dse    0
USER_SPI_SEG         CODE          000061DD - 000064A9         2CD   rel    0
TASK_SEG             CODE          000064AA - 00006685         1DC   rel    0
TASK_MUSIC_SEG       CODE          00006686 - 00006794         10F   rel    0
TASK_IDLE_SEG        CODE          00006795 - 00006806          72   rel    0
TASK_POWEROFF_SEG    CODE          00006807 - 0000693D         137   rel    0
TASK_FLASH_SEG       CODE          0000693E - 00006E43         506   rel    0
DISP_OCX_SEG         CODE          00006E44 - 00006EAA          67   rel    0
DISP_POWEROFF_SEG    CODE          00006EAB - 00006EB7           D   rel    0
DISP_IDLE_SEG        CODE          00006EB8 - 00006EC8          11   rel    0
MEM                  CODE          00006EC9 - 00006F54          8C   rel    0
MEMEEP               CODE               00006F55                     dse    0
MEMRTCRAM            CODE          00006F55 - 0000700F          BB   rel    0
USER_SETTING_SEG     CODE          00007010 - 00007085          76   rel    0
USER_SETTING_CONST   CODE          00007086 - 000070A4          1F   rel    0
USER_IO_SEG          CODE          000070A5 - 0000710D          69   rel    0
BAT_CHECK            CODE          0000710E - 0000729D         190   rel    0
?FILL3               CODE          0000729E - 00007FEC         D4F   rel    0
CHECKSUM             CODE          00007FED - 00007FEF           3   rel    0
CODE_TBL             CODE          00007FF0 - 00007FF7           8   rel    0
M_CONSTANT           CODE          00C00000 - 00C089FC        89FD   rel    0
REGISTERS            DATA          00000000 - 00000007           8   rel    0
__REG_BANK1          DATA          00000008 - 0000000F           8   rel    0
__REG_BANK2          DATA          00000010 - 00000017           8   rel    0
BREG                 BIT        00000020.0  -  00000020.7        8   rel    0
BIT_N                BIT        00000026.0  -  00000026.3        4   rel    0
BDATA_N              DATA          00000027 - 0000002F           9   rel    0
VREG                 DATA          00000030 - 00000043          14   rel    0
SYS_DATA             DATA          00000044 - 00000046           3   rel    0
DATA_I               DATA               00000047                     dse    0
DATA_Z               DATA          00000047 - 0000004C           6   rel    0
MP3_DATA             DATA          0000005C - 0000005D           2   rel    0
DATA_N               DATA          0000006D - 0000007C          10   rel    0
SFR_AN               DATA          00000080 - 00000080           1   rel    0
                     DATA          00000088 - 00000088           1 
                     DATA          0000008B - 0000008B           1 
                     DATA          00000090 - 00000090           1 
                     DATA          0000009C - 0000009C           1 
                     DATA          000000A0 - 000000A0           1 
                     DATA          000000A3 - 000000A3           1 
                     DATA          000000A8 - 000000AA           3 
                     DATA          000000AD - 000000AD           1 
                     DATA          000000B0 - 000000B4           5 
                     DATA          000000BA - 000000BE           5 
                     DATA          000000C0 - 000000C0           1 
                     DATA          000000C2 - 000000C2           1 
                     DATA          000000C5 - 000000C6           2 
                     DATA          000000C8 - 000000C9           2 
                     DATA          000000CB - 000000CF           5 
                     DATA          000000D1 - 000000D2           2 
                     DATA          000000D4 - 000000D6           3 
                     DATA          000000D9 - 000000D9           1 
                     DATA          000000DB - 000000DD           3 
                     DATA          000000E1 - 000000E2           2 
                     DATA          000000E6 - 000000E8           3 
                     DATA          000000ED - 000000EF           3 
                     DATA          000000F7 - 000000F8           2 
                     DATA          000000FC - 000000FC           1 
PDATA_AN             XDATA         00000000 - 0000000C           D   rel    0
USB_HOST_MASS_PDATA
                     XDATA         0000000D - 0000001C          10   rel    0
USB_HOST_PDATA       XDATA         0000001D - 00000036          1A   rel    0
FAT_PDATA            XDATA         0000003F - 000000A4          66   rel    0
MSG_POOL             XDATA         000000B2 - 000000C1          10   rel    0
EXT_STACK            XDATA         00000100 - 0000027F         180   rel    0
IXDATA_I             XDATA              00000280                     dse    0
XDATA_N              XDATA         00000280 - 000002EE          6F   rel    0
XDATA_AN             XDATA         0000039D - 000003A1           5   rel    0
                     XDATA         000003C2 - 000003CA           9 
DAC_XDATA            XDATA         000003CB - 000003D1           7   rel    0
FAT_XDATA            XDATA         00000468 - 0000048E          27   rel    0
XDATA_Z              XDATA         00000500 - 000005C3          C4   rel    0
XDATA_I              XDATA         000005C4 - 000005C7           4   rel    0
FILE_POINT_BUF       XDATA         000005C8 - 00000706         13F   rel    0
TRIM_XDATA           XDATA         00000707 - 0000070B           5   rel    0
DECODER_BUF          XDATA         000007D0 - 00000FFF         830   rel    0
DIR_PATH_XDATA       XDATA         000107D0 - 000108B9          EA   rel    0
IDATA_Z              IDATA              0000007D                     dse    0
IDATA_I              IDATA              0000007D                     dse    0
IDATA_N              IDATA         0000007D - 00000090          14   rel    0
ISTACK               IDATA              00000095                     rel    0
IDATA_AN             IDATA         00000095 - 00000095           1   rel    0
                     IDATA         000000A9 - 000000A9           1 
IDATA_AN             IDATA         000000B5 - 000000B5           1   rel    0
                     CODE          0000407B - 0000407D           3  aseg  

                ****************************************
                *                                      *
                *        END OF CROSS REFERENCE        *
                *                                      *
                ****************************************

 48 265 bytes of CODE  memory (+  3 absolute, 3 433 range fill )
     64 bytes of DATA  memory (+ 68 absolute  )
  3 555 bytes of XDATA memory (+ 27 absolute  )
     20 bytes of IDATA memory (+  3 absolute  )
     12 bits  of BIT   memory

Errors: none
Warnings: none

