##############################################################################
#                                                                            #
# IAR 8051 C/C++ Compiler V7.20H/W32                   27/Jun/2018  22:48:34 #
# Copyright 2004-2006 IAR Systems. All rights reserved.                      #
#                                                                            #
#    Core               =  plain                                             #
#    Code model         =  near                                              #
#    Data model         =  large                                             #
#    Calling convention =  extended stack reentrant                          #
#    Constant location  =  code                                              #
#    Extended stack     =  enabled                                           #
#    Dptr setup         =  1,16                                              #
#    Source file        =  display/theme_default/theme_poweroff.c            #
#    Command line       =  -f option_c51.cfg (-ICOMMON\ -IINC\ -Iconfig\     #
#                          -Iapi\ -Ifm\ -Ifat\ -Idisplay\                    #
#                          -Idisplay\theme_default\ -Idisplay\led\           #
#                          -Idisplay\lcd\ -Itask\ -Iuser\ -Imem\ -Imodule\   #
#                          -Ikey\ -Istartmusic\ -Ispi\ -e -z9 --core=plain   #
#                          --dptr=16,1 --data_model=large --code_model=near  #
#                          --calling_convention=ext_stack_reentrant          #
#                          --place_constants=code --nr_virtual_regs 20       #
#                          --extended_stack) -DAX207X_TAG --debug -lC        #
#                          DebugBC/List -o DebugBC/Obj/theme_poweroff.r51    #
#                          display/theme_default/theme_poweroff.c            #
#    List file          =  DebugBC/List/theme_poweroff.lst                   #
#    Object file        =  DebugBC/Obj/theme_poweroff.r51                    #
#                                                                            #
#                                                                            #
##############################################################################

R:\18BC073A_宇泰_AX1071_xxxxxxxx_20180627\app\display\theme_default\theme_poweroff.c
      1          /*****************************************************************************
      2           * Module    : Theme
      3           * File      : lcd_default_idle.c
      4           * Author    : Hanny
      5           * Email     : coldney@yahoo.com.cn
      6           * Function  : 关机任务显示主题
      7           *****************************************************************************/
      8          #include "include.h"
      9          
     10          #pragma location="DISP_POWEROFF_SEG"

   \                                 In segment DISP_POWEROFF_SEG, align 1, keep-with-next
     11          void task_poweroff_display(void)
   \                     task_poweroff_display:
     12          {
   \   000000                ; Saved register size: 0
   \   000000                ; Auto size: 0
     13          #if ((DISP_TYPE != DISP_LED) && (DISP_TYPE != DISP_NO))
     14          	ocx_event();
   \   000000                ; Setup parameters for call to function ocx_event
   \   000000   12....       LCALL   ocx_event
     15          	if(disp.update == 0)
   \   000003   A2..         MOV     C,disp.0
   \   000005   5005         JNC     ??task_poweroff_display_0
     16          	{
     17          		return;
     18          	}
     19          	disp.update = 0;
   \   000007   C2..         CLR     disp.0
     20          
     21          	disp_clear();
   \   000009                ; Setup parameters for call to function led_7p7s_clear
   \   000009   12....       LCALL   led_7p7s_clear
     22          #endif
     23          }
   \                     ??task_poweroff_display_0:
   \   00000C   22           RET

   Maximum stack usage in bytes:

     Function              EXT_STACK PSTACK XSTACK
     --------              --------- ------ ------
     task_poweroff_display        0      0      0
       -> ocx_event               0      0      0
       -> led_7p7s_clear          0      0      0


   Segment part sizes:

     Function/Label        Bytes
     --------------        -----
     task_poweroff_display   13

 
 13 bytes in segment DISP_POWEROFF_SEG
 
 13 bytes of CODE memory

Errors: none
Warnings: none
